MY_NRF24.c:38:6:NRF24_DelayMicroSeconds	24	static
MY_NRF24.c:46:6:NRF24_csn	16	static
MY_NRF24.c:52:6:NRF24_ce	16	static
MY_NRF24.c:58:9:NRF24_read_register	24	static
MY_NRF24.c:75:6:NRF24_read_registerN	24	static
MY_NRF24.c:90:6:NRF24_write_register	24	static
MY_NRF24.c:103:6:NRF24_write_registerN	24	static
MY_NRF24.c:116:6:NRF24_write_payload	24	static
MY_NRF24.c:129:6:NRF24_read_payload	24	static
MY_NRF24.c:143:6:NRF24_flush_tx	8	static
MY_NRF24.c:148:6:NRF24_flush_rx	8	static
MY_NRF24.c:153:9:NRF24_get_status	16	static
MY_NRF24.c:160:6:NRF24_begin	32	static
MY_NRF24.c:251:6:NRF24_startListening	16	static
MY_NRF24.c:269:6:NRF24_stopListening	8	static
MY_NRF24.c:276:6:NRF24_write	32	static
MY_NRF24.c:310:6:NRF24_available	8	static
MY_NRF24.c:315:6:NRF24_read	24	static
MY_NRF24.c:324:6:NRF24_openWritingPipe	24	static
MY_NRF24.c:333:6:NRF24_openReadingPipe	32	static
MY_NRF24.c:358:6:NRF24_setRetries	16	static
MY_NRF24.c:364:6:NRF24_setChannel	24	static
MY_NRF24.c:370:6:NRF24_setPayloadSize	24	static
MY_NRF24.c:376:9:NRF24_getPayloadSize	4	static
MY_NRF24.c:381:9:NRF24_getDynamicPayloadSize	8	static
MY_NRF24.c:386:6:NRF24_enableAckPayload	8	static
MY_NRF24.c:400:6:NRF24_enableDynamicPayloads	8	static
MY_NRF24.c:414:6:NRF24_disableDynamicPayloads	8	static
MY_NRF24.c:422:6:NRF24_isNRF_Plus	4	static
MY_NRF24.c:427:6:NRF24_setAutoAck	16	static
MY_NRF24.c:435:6:NRF24_setAutoAckPipe	24	static
MY_NRF24.c:452:6:NRF24_setPALevel	24	static
MY_NRF24.c:485:15:NRF24_getPALevel	16	static
MY_NRF24.c:512:6:NRF24_setDataRate	24	static
MY_NRF24.c:558:17:NRF24_getDataRate	16	static
MY_NRF24.c:583:6:NRF24_setCRCLength	24	static
MY_NRF24.c:605:18:NRF24_getCRCLength	16	static
MY_NRF24.c:621:6:NRF24_disableCRC	16	static
MY_NRF24.c:627:6:NRF24_powerUp	8	static
MY_NRF24.c:632:6:NRF24_powerDown	8	static
MY_NRF24.c:637:6:NRF24_availablePipe	24	static
MY_NRF24.c:661:6:NRF24_startWrite	16	static
MY_NRF24.c:678:6:NRF24_writeAckPayload	24	static
MY_NRF24.c:689:6:NRF24_isAckPayloadAvailable	16	static
MY_NRF24.c:696:6:NRF24_whatHappened	32	static
MY_NRF24.c:707:6:NRF24_testCarrier	8	static
MY_NRF24.c:712:6:NRF24_testRPD	8	static
MY_NRF24.c:718:6:NRF24_resetStatus	8	static
MY_NRF24.c:724:6:NRF24_ACTIVATE_cmd	16	static
MY_NRF24.c:735:9:NRF24_GetAckPayloadSize	4	static
MY_NRF24.c:742:6:NRF24_receptionInit	24	static
MY_NRF24.c:753:6:NRF24_dataReception	24	static
