Archive member included to satisfy reference by file (symbol)

c:/st/stm32cubeide_1.4.0/stm32cubeide/plugins/com.st.stm32cube.ide.mcu.externaltools.gnu-tools-for-stm32.7-2018-q2-update.win32_1.4.0.202007081208/tools/bin/../lib/gcc/arm-none-eabi/7.3.1/../../../../arm-none-eabi/lib/thumb/v7e-m/fpv4-sp/hard\libc_nano.a(lib_a-errno.o)
                              Core/Src/syscalls.o (__errno)
c:/st/stm32cubeide_1.4.0/stm32cubeide/plugins/com.st.stm32cube.ide.mcu.externaltools.gnu-tools-for-stm32.7-2018-q2-update.win32_1.4.0.202007081208/tools/bin/../lib/gcc/arm-none-eabi/7.3.1/../../../../arm-none-eabi/lib/thumb/v7e-m/fpv4-sp/hard\libc_nano.a(lib_a-exit.o)
                              c:/st/stm32cubeide_1.4.0/stm32cubeide/plugins/com.st.stm32cube.ide.mcu.externaltools.gnu-tools-for-stm32.7-2018-q2-update.win32_1.4.0.202007081208/tools/bin/../lib/gcc/arm-none-eabi/7.3.1/../../../../arm-none-eabi/lib/thumb/v7e-m/fpv4-sp/hard/crt0.o (exit)
c:/st/stm32cubeide_1.4.0/stm32cubeide/plugins/com.st.stm32cube.ide.mcu.externaltools.gnu-tools-for-stm32.7-2018-q2-update.win32_1.4.0.202007081208/tools/bin/../lib/gcc/arm-none-eabi/7.3.1/../../../../arm-none-eabi/lib/thumb/v7e-m/fpv4-sp/hard\libc_nano.a(lib_a-impure.o)
                              c:/st/stm32cubeide_1.4.0/stm32cubeide/plugins/com.st.stm32cube.ide.mcu.externaltools.gnu-tools-for-stm32.7-2018-q2-update.win32_1.4.0.202007081208/tools/bin/../lib/gcc/arm-none-eabi/7.3.1/../../../../arm-none-eabi/lib/thumb/v7e-m/fpv4-sp/hard\libc_nano.a(lib_a-exit.o) (_global_impure_ptr)
c:/st/stm32cubeide_1.4.0/stm32cubeide/plugins/com.st.stm32cube.ide.mcu.externaltools.gnu-tools-for-stm32.7-2018-q2-update.win32_1.4.0.202007081208/tools/bin/../lib/gcc/arm-none-eabi/7.3.1/../../../../arm-none-eabi/lib/thumb/v7e-m/fpv4-sp/hard\libc_nano.a(lib_a-init.o)
                              c:/st/stm32cubeide_1.4.0/stm32cubeide/plugins/com.st.stm32cube.ide.mcu.externaltools.gnu-tools-for-stm32.7-2018-q2-update.win32_1.4.0.202007081208/tools/bin/../lib/gcc/arm-none-eabi/7.3.1/../../../../arm-none-eabi/lib/thumb/v7e-m/fpv4-sp/hard/crt0.o (__libc_init_array)
c:/st/stm32cubeide_1.4.0/stm32cubeide/plugins/com.st.stm32cube.ide.mcu.externaltools.gnu-tools-for-stm32.7-2018-q2-update.win32_1.4.0.202007081208/tools/bin/../lib/gcc/arm-none-eabi/7.3.1/../../../../arm-none-eabi/lib/thumb/v7e-m/fpv4-sp/hard\libc_nano.a(lib_a-memcpy-stub.o)
                              Core/Src/main.o (memcpy)
c:/st/stm32cubeide_1.4.0/stm32cubeide/plugins/com.st.stm32cube.ide.mcu.externaltools.gnu-tools-for-stm32.7-2018-q2-update.win32_1.4.0.202007081208/tools/bin/../lib/gcc/arm-none-eabi/7.3.1/../../../../arm-none-eabi/lib/thumb/v7e-m/fpv4-sp/hard\libc_nano.a(lib_a-memset.o)
                              c:/st/stm32cubeide_1.4.0/stm32cubeide/plugins/com.st.stm32cube.ide.mcu.externaltools.gnu-tools-for-stm32.7-2018-q2-update.win32_1.4.0.202007081208/tools/bin/../lib/gcc/arm-none-eabi/7.3.1/../../../../arm-none-eabi/lib/thumb/v7e-m/fpv4-sp/hard/crt0.o (memset)
c:/st/stm32cubeide_1.4.0/stm32cubeide/plugins/com.st.stm32cube.ide.mcu.externaltools.gnu-tools-for-stm32.7-2018-q2-update.win32_1.4.0.202007081208/tools/bin/../lib/gcc/arm-none-eabi/7.3.1/thumb/v7e-m/fpv4-sp/hard\libgcc.a(_aeabi_uldivmod.o)
                              Drivers/STM32F4xx_HAL_Driver/Src/stm32f4xx_hal_rcc.o (__aeabi_uldivmod)
c:/st/stm32cubeide_1.4.0/stm32cubeide/plugins/com.st.stm32cube.ide.mcu.externaltools.gnu-tools-for-stm32.7-2018-q2-update.win32_1.4.0.202007081208/tools/bin/../lib/gcc/arm-none-eabi/7.3.1/thumb/v7e-m/fpv4-sp/hard\libgcc.a(_udivmoddi4.o)
                              c:/st/stm32cubeide_1.4.0/stm32cubeide/plugins/com.st.stm32cube.ide.mcu.externaltools.gnu-tools-for-stm32.7-2018-q2-update.win32_1.4.0.202007081208/tools/bin/../lib/gcc/arm-none-eabi/7.3.1/thumb/v7e-m/fpv4-sp/hard\libgcc.a(_aeabi_uldivmod.o) (__udivmoddi4)
c:/st/stm32cubeide_1.4.0/stm32cubeide/plugins/com.st.stm32cube.ide.mcu.externaltools.gnu-tools-for-stm32.7-2018-q2-update.win32_1.4.0.202007081208/tools/bin/../lib/gcc/arm-none-eabi/7.3.1/thumb/v7e-m/fpv4-sp/hard\libgcc.a(_dvmd_tls.o)
                              c:/st/stm32cubeide_1.4.0/stm32cubeide/plugins/com.st.stm32cube.ide.mcu.externaltools.gnu-tools-for-stm32.7-2018-q2-update.win32_1.4.0.202007081208/tools/bin/../lib/gcc/arm-none-eabi/7.3.1/thumb/v7e-m/fpv4-sp/hard\libgcc.a(_aeabi_uldivmod.o) (__aeabi_ldiv0)

Allocating common symbols
Common symbol       size              file

myAckPayload        0x3               Core/Src/main.o
hspi2               0x58              Core/Src/main.o
htim8               0x40              Core/Src/main.o
htim4               0x40              Core/Src/main.o
uwTick              0x4               Drivers/STM32F4xx_HAL_Driver/Src/stm32f4xx_hal.o
myRxData            0x3               Core/Src/main.o
pFlash              0x20              Drivers/STM32F4xx_HAL_Driver/Src/stm32f4xx_hal_flash.o
hadc1               0x48              Core/Src/main.o
[...]
Memory Configuration

Name             Origin             Length             Attributes
CCMRAM           0x0000000010000000 0x0000000000010000 xrw
RAM              0x0000000020000000 0x0000000000020000 xrw
FLASH            0x0000000008000000 0x0000000000100000 xr
*default*        0x0000000000000000 0xffffffffffffffff

Linker script and memory map

LOAD c:/st/stm32cubeide_1.4.0/stm32cubeide/plugins/com.st.stm32cube.ide.mcu.externaltools.gnu-tools-for-stm32.7-2018-q2-update.win32_1.4.0.202007081208/tools/bin/../lib/gcc/arm-none-eabi/7.3.1/thumb/v7e-m/fpv4-sp/hard/crti.o
LOAD c:/st/stm32cubeide_1.4.0/stm32cubeide/plugins/com.st.stm32cube.ide.mcu.externaltools.gnu-tools-for-stm32.7-2018-q2-update.win32_1.4.0.202007081208/tools/bin/../lib/gcc/arm-none-eabi/7.3.1/thumb/v7e-m/fpv4-sp/hard/crtbegin.o
LOAD c:/st/stm32cubeide_1.4.0/stm32cubeide/plugins/com.st.stm32cube.ide.mcu.externaltools.gnu-tools-for-stm32.7-2018-q2-update.win32_1.4.0.202007081208/tools/bin/../lib/gcc/arm-none-eabi/7.3.1/../../../../arm-none-eabi/lib/thumb/v7e-m/fpv4-sp/hard/crt0.o
LOAD Core/Src/main.o
LOAD Core/Src/stm32f4xx_hal_msp.o
LOAD Core/Src/stm32f4xx_it.o
LOAD Core/Src/syscalls.o
LOAD Core/Src/sysmem.o
LOAD Core/Src/system_stm32f4xx.o
LOAD Core/Src/omnicar_src/LIS3DSH_driver.o
LOAD Core/Src/omnicar_src/MY_NRF24.o
LOAD Core/Src/omnicar_src/battery.o
LOAD Core/Src/omnicar_src/motors.o
LOAD Core/Src/omnicar_src/sensors.o
LOAD Core/Startup/startup_stm32f417vgtx.o
LOAD Drivers/STM32F4xx_HAL_Driver/Src/stm32f4xx_hal.o
LOAD Drivers/STM32F4xx_HAL_Driver/Src/stm32f4xx_hal_adc.o
LOAD Drivers/STM32F4xx_HAL_Driver/Src/stm32f4xx_hal_adc_ex.o
LOAD Drivers/STM32F4xx_HAL_Driver/Src/stm32f4xx_hal_cortex.o
LOAD Drivers/STM32F4xx_HAL_Driver/Src/stm32f4xx_hal_dma.o
LOAD Drivers/STM32F4xx_HAL_Driver/Src/stm32f4xx_hal_dma_ex.o
LOAD Drivers/STM32F4xx_HAL_Driver/Src/stm32f4xx_hal_exti.o
LOAD Drivers/STM32F4xx_HAL_Driver/Src/stm32f4xx_hal_flash.o
LOAD Drivers/STM32F4xx_HAL_Driver/Src/stm32f4xx_hal_flash_ex.o
LOAD Drivers/STM32F4xx_HAL_Driver/Src/stm32f4xx_hal_flash_ramfunc.o
LOAD Drivers/STM32F4xx_HAL_Driver/Src/stm32f4xx_hal_gpio.o
LOAD Drivers/STM32F4xx_HAL_Driver/Src/stm32f4xx_hal_pwr.o
LOAD Drivers/STM32F4xx_HAL_Driver/Src/stm32f4xx_hal_pwr_ex.o
LOAD Drivers/STM32F4xx_HAL_Driver/Src/stm32f4xx_hal_rcc.o
LOAD Drivers/STM32F4xx_HAL_Driver/Src/stm32f4xx_hal_rcc_ex.o
LOAD Drivers/STM32F4xx_HAL_Driver/Src/stm32f4xx_hal_spi.o
LOAD Drivers/STM32F4xx_HAL_Driver/Src/stm32f4xx_hal_tim.o
LOAD Drivers/STM32F4xx_HAL_Driver/Src/stm32f4xx_hal_tim_ex.o
START GROUP
LOAD c:/st/stm32cubeide_1.4.0/stm32cubeide/plugins/com.st.stm32cube.ide.mcu.externaltools.gnu-tools-for-stm32.7-2018-q2-update.win32_1.4.0.202007081208/tools/bin/../lib/gcc/arm-none-eabi/7.3.1/../../../../arm-none-eabi/lib/thumb/v7e-m/fpv4-sp/hard\libc_nano.a
LOAD c:/st/stm32cubeide_1.4.0/stm32cubeide/plugins/com.st.stm32cube.ide.mcu.externaltools.gnu-tools-for-stm32.7-2018-q2-update.win32_1.4.0.202007081208/tools/bin/../lib/gcc/arm-none-eabi/7.3.1/../../../../arm-none-eabi/lib/thumb/v7e-m/fpv4-sp/hard\libm.a
END GROUP
START GROUP
LOAD c:/st/stm32cubeide_1.4.0/stm32cubeide/plugins/com.st.stm32cube.ide.mcu.externaltools.gnu-tools-for-stm32.7-2018-q2-update.win32_1.4.0.202007081208/tools/bin/../lib/gcc/arm-none-eabi/7.3.1/thumb/v7e-m/fpv4-sp/hard\libgcc.a
LOAD c:/st/stm32cubeide_1.4.0/stm32cubeide/plugins/com.st.stm32cube.ide.mcu.externaltools.gnu-tools-for-stm32.7-2018-q2-update.win32_1.4.0.202007081208/tools/bin/../lib/gcc/arm-none-eabi/7.3.1/../../../../arm-none-eabi/lib/thumb/v7e-m/fpv4-sp/hard\libc_nano.a
END GROUP
START GROUP
LOAD c:/st/stm32cubeide_1.4.0/stm32cubeide/plugins/com.st.stm32cube.ide.mcu.externaltools.gnu-tools-for-stm32.7-2018-q2-update.win32_1.4.0.202007081208/tools/bin/../lib/gcc/arm-none-eabi/7.3.1/thumb/v7e-m/fpv4-sp/hard\libgcc.a
LOAD c:/st/stm32cubeide_1.4.0/stm32cubeide/plugins/com.st.stm32cube.ide.mcu.externaltools.gnu-tools-for-stm32.7-2018-q2-update.win32_1.4.0.202007081208/tools/bin/../lib/gcc/arm-none-eabi/7.3.1/../../../../arm-none-eabi/lib/thumb/v7e-m/fpv4-sp/hard\libc_nano.a
LOAD c:/st/stm32cubeide_1.4.0/stm32cubeide/plugins/com.st.stm32cube.ide.mcu.externaltools.gnu-tools-for-stm32.7-2018-q2-update.win32_1.4.0.202007081208/tools/bin/../lib/gcc/arm-none-eabi/7.3.1/../../../../arm-none-eabi/lib/thumb/v7e-m/fpv4-sp/hard\libnosys.a
END GROUP
START GROUP
LOAD c:/st/stm32cubeide_1.4.0/stm32cubeide/plugins/com.st.stm32cube.ide.mcu.externaltools.gnu-tools-for-stm32.7-2018-q2-update.win32_1.4.0.202007081208/tools/bin/../lib/gcc/arm-none-eabi/7.3.1/thumb/v7e-m/fpv4-sp/hard\libgcc.a
LOAD c:/st/stm32cubeide_1.4.0/stm32cubeide/plugins/com.st.stm32cube.ide.mcu.externaltools.gnu-tools-for-stm32.7-2018-q2-update.win32_1.4.0.202007081208/tools/bin/../lib/gcc/arm-none-eabi/7.3.1/../../../../arm-none-eabi/lib/thumb/v7e-m/fpv4-sp/hard\libc_nano.a
LOAD c:/st/stm32cubeide_1.4.0/stm32cubeide/plugins/com.st.stm32cube.ide.mcu.externaltools.gnu-tools-for-stm32.7-2018-q2-update.win32_1.4.0.202007081208/tools/bin/../lib/gcc/arm-none-eabi/7.3.1/../../../../arm-none-eabi/lib/thumb/v7e-m/fpv4-sp/hard\libnosys.a
END GROUP
LOAD c:/st/stm32cubeide_1.4.0/stm32cubeide/plugins/com.st.stm32cube.ide.mcu.externaltools.gnu-tools-for-stm32.7-2018-q2-update.win32_1.4.0.202007081208/tools/bin/../lib/gcc/arm-none-eabi/7.3.1/thumb/v7e-m/fpv4-sp/hard/crtend.o
LOAD c:/st/stm32cubeide_1.4.0/stm32cubeide/plugins/com.st.stm32cube.ide.mcu.externaltools.gnu-tools-for-stm32.7-2018-q2-update.win32_1.4.0.202007081208/tools/bin/../lib/gcc/arm-none-eabi/7.3.1/thumb/v7e-m/fpv4-sp/hard/crtn.o
                0x0000000020020000                _estack = (ORIGIN (RAM) + LENGTH (RAM))
                0x0000000000000200                _Min_Heap_Size = 0x200
                0x0000000000000400                _Min_Stack_Size = 0x400

.isr_vector     0x0000000008000000      0x188
                0x0000000008000000                . = ALIGN (0x4)
 *(.isr_vector)
 .isr_vector    0x0000000008000000      0x188 Core/Startup/startup_stm32f417vgtx.o
                0x0000000008000000                g_pfnVectors
                0x0000000008000188                . = ALIGN (0x4)

.text           0x0000000008000188     0x5c90
                0x0000000008000188                . = ALIGN (0x4)
 *(.text)
 .text          0x0000000008000188       0x40 c:/st/stm32cubeide_1.4.0/stm32cubeide/plugins/com.st.stm32cube.ide.mcu.externaltools.gnu-tools-for-stm32.7-2018-q2-update.win32_1.4.0.202007081208/tools/bin/../lib/gcc/arm-none-eabi/7.3.1/thumb/v7e-m/fpv4-sp/hard/crtbegin.o
 .text          0x00000000080001c8       0x30 c:/st/stm32cubeide_1.4.0/stm32cubeide/plugins/com.st.stm32cube.ide.mcu.externaltools.gnu-tools-for-stm32.7-2018-q2-update.win32_1.4.0.202007081208/tools/bin/../lib/gcc/arm-none-eabi/7.3.1/thumb/v7e-m/fpv4-sp/hard\libgcc.a(_aeabi_uldivmod.o)
                0x00000000080001c8                __aeabi_uldivmod
 .text          0x00000000080001f8      0x2cc c:/st/stm32cubeide_1.4.0/stm32cubeide/plugins/com.st.stm32cube.ide.mcu.externaltools.gnu-tools-for-stm32.7-2018-q2-update.win32_1.4.0.202007081208/tools/bin/../lib/gcc/arm-none-eabi/7.3.1/thumb/v7e-m/fpv4-sp/hard\libgcc.a(_udivmoddi4.o)
                0x00000000080001f8                __udivmoddi4
 .text          0x00000000080004c4        0x4 c:/st/stm32cubeide_1.4.0/stm32cubeide/plugins/com.st.stm32cube.ide.mcu.externaltools.gnu-tools-for-stm32.7-2018-q2-update.win32_1.4.0.202007081208/tools/bin/../lib/gcc/arm-none-eabi/7.3.1/thumb/v7e-m/fpv4-sp/hard\libgcc.a(_dvmd_tls.o)
                0x00000000080004c4                __aeabi_idiv0
                0x00000000080004c4                __aeabi_ldiv0
 *(.text*)
 .text.main     0x00000000080004c8      0x168 Core/Src/main.o
                0x00000000080004c8                main
 .text.SystemClock_Config
                0x0000000008000630       0xd4 Core/Src/main.o
                0x0000000008000630                SystemClock_Config
 .text.MX_ADC1_Init
                0x0000000008000704       0xa4 Core/Src/main.o
 .text.MX_SPI1_Init
                0x00000000080007a8       0x6c Core/Src/main.o
 .text.MX_SPI2_Init
                0x0000000008000814       0x6c Core/Src/main.o
 .text.MX_TIM1_Init
                0x0000000008000880      0x190 Core/Src/main.o
 .text.MX_TIM4_Init
                0x0000000008000a10       0xf0 Core/Src/main.o
 .text.MX_TIM8_Init
                0x0000000008000b00      0x1b8 Core/Src/main.o
 .text.MX_GPIO_Init
                0x0000000008000cb8      0x17c Core/Src/main.o
 .text.Error_Handler
                0x0000000008000e34        0xe Core/Src/main.o
                0x0000000008000e34                Error_Handler
 *fill*         0x0000000008000e42        0x2 
 .text.HAL_MspInit
                0x0000000008000e44       0x50 Core/Src/stm32f4xx_hal_msp.o
                0x0000000008000e44                HAL_MspInit
 .text.HAL_ADC_MspInit
                0x0000000008000e94       0x88 Core/Src/stm32f4xx_hal_msp.o
                0x0000000008000e94                HAL_ADC_MspInit
 .text.HAL_SPI_MspInit
                0x0000000008000f1c       0xfc Core/Src/stm32f4xx_hal_msp.o
                0x0000000008000f1c                HAL_SPI_MspInit
 .text.HAL_TIM_Base_MspInit
                0x0000000008001018      0x108 Core/Src/stm32f4xx_hal_msp.o
                0x0000000008001018                HAL_TIM_Base_MspInit
 .text.HAL_TIM_MspPostInit
                0x0000000008001120      0x118 Core/Src/stm32f4xx_hal_msp.o
                0x0000000008001120                HAL_TIM_MspPostInit
 .text.NMI_Handler
                0x0000000008001238        0xe Core/Src/stm32f4xx_it.o
                0x0000000008001238                NMI_Handler
 .text.HardFault_Handler
                0x0000000008001246        0x6 Core/Src/stm32f4xx_it.o
                0x0000000008001246                HardFault_Handler
 .text.MemManage_Handler
                0x000000000800124c        0x6 Core/Src/stm32f4xx_it.o
                0x000000000800124c                MemManage_Handler
 .text.BusFault_Handler
                0x0000000008001252        0x6 Core/Src/stm32f4xx_it.o
                0x0000000008001252                BusFault_Handler
 .text.UsageFault_Handler
                0x0000000008001258        0x6 Core/Src/stm32f4xx_it.o
                0x0000000008001258                UsageFault_Handler
 .text.SVC_Handler
                0x000000000800125e        0xe Core/Src/stm32f4xx_it.o
                0x000000000800125e                SVC_Handler
 .text.DebugMon_Handler
                0x000000000800126c        0xe Core/Src/stm32f4xx_it.o
                0x000000000800126c                DebugMon_Handler
 .text.PendSV_Handler
                0x000000000800127a        0xe Core/Src/stm32f4xx_it.o
                0x000000000800127a                PendSV_Handler
 .text.SysTick_Handler
                0x0000000008001288        0xc Core/Src/stm32f4xx_it.o
                0x0000000008001288                SysTick_Handler
 .text.TIM8_BRK_TIM12_IRQHandler
                0x0000000008001294       0x14 Core/Src/stm32f4xx_it.o
                0x0000000008001294                TIM8_BRK_TIM12_IRQHandler
 .text.TIM8_CC_IRQHandler
                0x00000000080012a8       0x14 Core/Src/stm32f4xx_it.o
                0x00000000080012a8                TIM8_CC_IRQHandler
 .text.SystemInit
                0x00000000080012bc       0x2c Core/Src/system_stm32f4xx.o
                0x00000000080012bc                SystemInit
 .text.NRF24_DelayMicroSeconds
                0x00000000080012e8       0x40 Core/Src/omnicar_src/MY_NRF24.o
                0x00000000080012e8                NRF24_DelayMicroSeconds
 .text.NRF24_csn
                0x0000000008001328       0x40 Core/Src/omnicar_src/MY_NRF24.o
                0x0000000008001328                NRF24_csn
 .text.NRF24_ce
                0x0000000008001368       0x40 Core/Src/omnicar_src/MY_NRF24.o
                0x0000000008001368                NRF24_ce
 .text.NRF24_read_register
                0x00000000080013a8       0x50 Core/Src/omnicar_src/MY_NRF24.o
                0x00000000080013a8                NRF24_read_register
 .text.NRF24_write_register
                0x00000000080013f8       0x44 Core/Src/omnicar_src/MY_NRF24.o
                0x00000000080013f8                NRF24_write_register
 .text.NRF24_write_registerN
                0x000000000800143c       0x50 Core/Src/omnicar_src/MY_NRF24.o
                0x000000000800143c                NRF24_write_registerN
 .text.NRF24_read_payload
                0x000000000800148c       0x60 Core/Src/omnicar_src/MY_NRF24.o
                0x000000000800148c                NRF24_read_payload
 .text.NRF24_flush_tx
                0x00000000080014ec       0x10 Core/Src/omnicar_src/MY_NRF24.o
                0x00000000080014ec                NRF24_flush_tx
 .text.NRF24_flush_rx
                0x00000000080014fc       0x10 Core/Src/omnicar_src/MY_NRF24.o
                0x00000000080014fc                NRF24_flush_rx
 .text.NRF24_get_status
                0x000000000800150c       0x1a Core/Src/omnicar_src/MY_NRF24.o
                0x000000000800150c                NRF24_get_status
 *fill*         0x0000000008001526        0x2 
 .text.NRF24_begin
                0x0000000008001528      0x1c0 Core/Src/omnicar_src/MY_NRF24.o
                0x0000000008001528                NRF24_begin
 .text.NRF24_startListening
                0x00000000080016e8       0x4c Core/Src/omnicar_src/MY_NRF24.o
                0x00000000080016e8                NRF24_startListening
 .text.NRF24_available
                0x0000000008001734       0x10 Core/Src/omnicar_src/MY_NRF24.o
                0x0000000008001734                NRF24_available
 .text.NRF24_read
                0x0000000008001744       0x40 Core/Src/omnicar_src/MY_NRF24.o
                0x0000000008001744                NRF24_read
 .text.NRF24_openReadingPipe
                0x0000000008001784       0x9c Core/Src/omnicar_src/MY_NRF24.o
                0x0000000008001784                NRF24_openReadingPipe
 .text.NRF24_setRetries
                0x0000000008001820       0x36 Core/Src/omnicar_src/MY_NRF24.o
                0x0000000008001820                NRF24_setRetries
 .text.NRF24_setChannel
                0x0000000008001856       0x2a Core/Src/omnicar_src/MY_NRF24.o
                0x0000000008001856                NRF24_setChannel
 .text.NRF24_setPayloadSize
                0x0000000008001880       0x30 Core/Src/omnicar_src/MY_NRF24.o
                0x0000000008001880                NRF24_setPayloadSize
 .text.NRF24_getPayloadSize
                0x00000000080018b0       0x18 Core/Src/omnicar_src/MY_NRF24.o
                0x00000000080018b0                NRF24_getPayloadSize
 .text.NRF24_getDynamicPayloadSize
                0x00000000080018c8       0x10 Core/Src/omnicar_src/MY_NRF24.o
                0x00000000080018c8                NRF24_getDynamicPayloadSize
 .text.NRF24_enableAckPayload
                0x00000000080018d8       0x5a Core/Src/omnicar_src/MY_NRF24.o
                0x00000000080018d8                NRF24_enableAckPayload
 *fill*         0x0000000008001932        0x2 
 .text.NRF24_enableDynamicPayloads
                0x0000000008001934       0x64 Core/Src/omnicar_src/MY_NRF24.o
                0x0000000008001934                NRF24_enableDynamicPayloads
 .text.NRF24_disableDynamicPayloads
                0x0000000008001998       0x30 Core/Src/omnicar_src/MY_NRF24.o
                0x0000000008001998                NRF24_disableDynamicPayloads
 .text.NRF24_setAutoAck
                0x00000000080019c8       0x2a Core/Src/omnicar_src/MY_NRF24.o
                0x00000000080019c8                NRF24_setAutoAck
 .text.NRF24_setPALevel
                0x00000000080019f2       0x72 Core/Src/omnicar_src/MY_NRF24.o
                0x00000000080019f2                NRF24_setPALevel
 .text.NRF24_setDataRate
                0x0000000008001a64       0x8c Core/Src/omnicar_src/MY_NRF24.o
                0x0000000008001a64                NRF24_setDataRate
 .text.NRF24_setCRCLength
                0x0000000008001af0       0x50 Core/Src/omnicar_src/MY_NRF24.o
                0x0000000008001af0                NRF24_setCRCLength
 .text.NRF24_powerDown
                0x0000000008001b40       0x1e Core/Src/omnicar_src/MY_NRF24.o
                0x0000000008001b40                NRF24_powerDown
 .text.NRF24_availablePipe
                0x0000000008001b5e       0x60 Core/Src/omnicar_src/MY_NRF24.o
                0x0000000008001b5e                NRF24_availablePipe
 .text.NRF24_writeAckPayload
                0x0000000008001bbe       0x54 Core/Src/omnicar_src/MY_NRF24.o
                0x0000000008001bbe                NRF24_writeAckPayload
 .text.NRF24_resetStatus
                0x0000000008001c12       0x10 Core/Src/omnicar_src/MY_NRF24.o
                0x0000000008001c12                NRF24_resetStatus
 *fill*         0x0000000008001c22        0x2 
 .text.NRF24_ACTIVATE_cmd
                0x0000000008001c24       0x34 Core/Src/omnicar_src/MY_NRF24.o
                0x0000000008001c24                NRF24_ACTIVATE_cmd
 .text.NRF24_receptionInit
                0x0000000008001c58       0x4a Core/Src/omnicar_src/MY_NRF24.o
                0x0000000008001c58                NRF24_receptionInit
 .text.NRF24_dataReception
                0x0000000008001ca2       0x44 Core/Src/omnicar_src/MY_NRF24.o
                0x0000000008001ca2                NRF24_dataReception
 *fill*         0x0000000008001ce6        0x2 
 .text.battery_getBatteryLevel
                0x0000000008001ce8       0xa4 Core/Src/omnicar_src/battery.o
                0x0000000008001ce8                battery_getBatteryLevel
 .text.init_pwm_motors
                0x0000000008001d8c       0x60 Core/Src/omnicar_src/motors.o
                0x0000000008001d8c                init_pwm_motors
 .text.motors_management
                0x0000000008001dec       0x9c Core/Src/omnicar_src/motors.o
                0x0000000008001dec                motors_management
 .text.motors_direction
                0x0000000008001e88      0x5e4 Core/Src/omnicar_src/motors.o
                0x0000000008001e88                motors_direction
 .text.HAL_TIM_IC_CaptureCallback
                0x000000000800246c      0x190 Core/Src/omnicar_src/sensors.o
                0x000000000800246c                HAL_TIM_IC_CaptureCallback
 .text.sensors_calculated_distance
                0x00000000080025fc       0x78 Core/Src/omnicar_src/sensors.o
                0x00000000080025fc                sensors_calculated_distance
 .text.sensors_calculated_distance_2
                0x0000000008002674       0x78 Core/Src/omnicar_src/sensors.o
                0x0000000008002674                sensors_calculated_distance_2
 .text.sensors_start_servo
                0x00000000080026ec      0x104 Core/Src/omnicar_src/sensors.o
                0x00000000080026ec                sensors_start_servo
 .text.Reset_Handler
                0x00000000080027f0       0x50 Core/Startup/startup_stm32f417vgtx.o
                0x00000000080027f0                Reset_Handler
 .text.Default_Handler
                0x0000000008002840        0x2 Core/Startup/startup_stm32f417vgtx.o
                0x0000000008002840                RTC_Alarm_IRQHandler
                0x0000000008002840                HASH_RNG_IRQHandler
                0x0000000008002840                EXTI2_IRQHandler
                0x0000000008002840                TIM1_CC_IRQHandler
                0x0000000008002840                DMA2_Stream5_IRQHandler
                0x0000000008002840                DMA1_Stream5_IRQHandler
                0x0000000008002840                PVD_IRQHandler
                0x0000000008002840                SDIO_IRQHandler
                0x0000000008002840                TAMP_STAMP_IRQHandler
                0x0000000008002840                CAN2_RX1_IRQHandler
                0x0000000008002840                EXTI3_IRQHandler
                0x0000000008002840                TIM8_TRG_COM_TIM14_IRQHandler
                0x0000000008002840                TIM1_UP_TIM10_IRQHandler
                0x0000000008002840                TIM8_UP_TIM13_IRQHandler
                0x0000000008002840                I2C3_ER_IRQHandler
                0x0000000008002840                EXTI0_IRQHandler
                0x0000000008002840                I2C2_EV_IRQHandler
                0x0000000008002840                DMA1_Stream2_IRQHandler
                0x0000000008002840                CAN1_RX0_IRQHandler
                0x0000000008002840                FPU_IRQHandler
                0x0000000008002840                OTG_HS_WKUP_IRQHandler
                0x0000000008002840                CAN2_SCE_IRQHandler
                0x0000000008002840                DMA2_Stream2_IRQHandler
                0x0000000008002840                SPI1_IRQHandler
                0x0000000008002840                TIM6_DAC_IRQHandler
                0x0000000008002840                TIM1_BRK_TIM9_IRQHandler
                0x0000000008002840                DCMI_IRQHandler
                0x0000000008002840                CAN2_RX0_IRQHandler
                0x0000000008002840                DMA2_Stream3_IRQHandler
                0x0000000008002840                USART6_IRQHandler
                0x0000000008002840                USART3_IRQHandler
                0x0000000008002840                CRYP_IRQHandler
                0x0000000008002840                CAN1_RX1_IRQHandler
                0x0000000008002840                UART5_IRQHandler
                0x0000000008002840                DMA2_Stream0_IRQHandler
                0x0000000008002840                TIM4_IRQHandler
                0x0000000008002840                I2C1_EV_IRQHandler
                0x0000000008002840                DMA1_Stream6_IRQHandler
                0x0000000008002840                DMA1_Stream1_IRQHandler
                0x0000000008002840                UART4_IRQHandler
                0x0000000008002840                TIM3_IRQHandler
                0x0000000008002840                RCC_IRQHandler
                0x0000000008002840                Default_Handler
                0x0000000008002840                EXTI15_10_IRQHandler
                0x0000000008002840                ADC_IRQHandler
                0x0000000008002840                DMA1_Stream7_IRQHandler
                0x0000000008002840                TIM7_IRQHandler
                0x0000000008002840                CAN2_TX_IRQHandler
                0x0000000008002840                TIM5_IRQHandler
                0x0000000008002840                DMA2_Stream7_IRQHandler
                0x0000000008002840                I2C3_EV_IRQHandler
                0x0000000008002840                EXTI9_5_IRQHandler
                0x0000000008002840                RTC_WKUP_IRQHandler
                0x0000000008002840                ETH_WKUP_IRQHandler
                0x0000000008002840                SPI2_IRQHandler
                0x0000000008002840                OTG_HS_EP1_IN_IRQHandler
                0x0000000008002840                DMA1_Stream0_IRQHandler
                0x0000000008002840                CAN1_TX_IRQHandler
                0x0000000008002840                EXTI4_IRQHandler
                0x0000000008002840                FSMC_IRQHandler
                0x0000000008002840                ETH_IRQHandler
                0x0000000008002840                OTG_HS_EP1_OUT_IRQHandler
                0x0000000008002840                WWDG_IRQHandler
                0x0000000008002840                TIM2_IRQHandler
                0x0000000008002840                OTG_FS_WKUP_IRQHandler
                0x0000000008002840                TIM1_TRG_COM_TIM11_IRQHandler
                0x0000000008002840                OTG_HS_IRQHandler
                0x0000000008002840                EXTI1_IRQHandler
                0x0000000008002840                USART2_IRQHandler
                0x0000000008002840                I2C2_ER_IRQHandler
                0x0000000008002840                DMA2_Stream1_IRQHandler
                0x0000000008002840                CAN1_SCE_IRQHandler
                0x0000000008002840                FLASH_IRQHandler
                0x0000000008002840                DMA2_Stream4_IRQHandler
                0x0000000008002840                USART1_IRQHandler
                0x0000000008002840                OTG_FS_IRQHandler
                0x0000000008002840                SPI3_IRQHandler
                0x0000000008002840                DMA1_Stream4_IRQHandler
                0x0000000008002840                I2C1_ER_IRQHandler
                0x0000000008002840                DMA2_Stream6_IRQHandler
                0x0000000008002840                DMA1_Stream3_IRQHandler
 *fill*         0x0000000008002842        0x2 
 .text.HAL_Init
                0x0000000008002844       0x44 Drivers/STM32F4xx_HAL_Driver/Src/stm32f4xx_hal.o
                0x0000000008002844                HAL_Init
 .text.HAL_InitTick
                0x0000000008002888       0x60 Drivers/STM32F4xx_HAL_Driver/Src/stm32f4xx_hal.o
                0x0000000008002888                HAL_InitTick
 .text.HAL_IncTick
                0x00000000080028e8       0x28 Drivers/STM32F4xx_HAL_Driver/Src/stm32f4xx_hal.o
                0x00000000080028e8                HAL_IncTick
 .text.HAL_GetTick
                0x0000000008002910       0x18 Drivers/STM32F4xx_HAL_Driver/Src/stm32f4xx_hal.o
                0x0000000008002910                HAL_GetTick
 .text.HAL_Delay
                0x0000000008002928       0x44 Drivers/STM32F4xx_HAL_Driver/Src/stm32f4xx_hal.o
                0x0000000008002928                HAL_Delay
 .text.HAL_ADC_Init
                0x000000000800296c       0x86 Drivers/STM32F4xx_HAL_Driver/Src/stm32f4xx_hal_adc.o
                0x000000000800296c                HAL_ADC_Init
 *fill*         0x00000000080029f2        0x2 
 .text.HAL_ADC_Start
                0x00000000080029f4      0x18c Drivers/STM32F4xx_HAL_Driver/Src/stm32f4xx_hal_adc.o
                0x00000000080029f4                HAL_ADC_Start
 .text.HAL_ADC_PollForConversion
                0x0000000008002b80      0x108 Drivers/STM32F4xx_HAL_Driver/Src/stm32f4xx_hal_adc.o
                0x0000000008002b80                HAL_ADC_PollForConversion
 .text.HAL_ADC_GetValue
                0x0000000008002c88       0x1a Drivers/STM32F4xx_HAL_Driver/Src/stm32f4xx_hal_adc.o
                0x0000000008002c88                HAL_ADC_GetValue
 *fill*         0x0000000008002ca2        0x2 
 .text.HAL_ADC_ConfigChannel
                0x0000000008002ca4      0x244 Drivers/STM32F4xx_HAL_Driver/Src/stm32f4xx_hal_adc.o
                0x0000000008002ca4                HAL_ADC_ConfigChannel
 .text.ADC_Init
                0x0000000008002ee8      0x1f8 Drivers/STM32F4xx_HAL_Driver/Src/stm32f4xx_hal_adc.o
 .text.__NVIC_SetPriorityGrouping
                0x00000000080030e0       0x48 Drivers/STM32F4xx_HAL_Driver/Src/stm32f4xx_hal_cortex.o
 .text.__NVIC_GetPriorityGrouping
                0x0000000008003128       0x1c Drivers/STM32F4xx_HAL_Driver/Src/stm32f4xx_hal_cortex.o
 .text.__NVIC_EnableIRQ
                0x0000000008003144       0x3c Drivers/STM32F4xx_HAL_Driver/Src/stm32f4xx_hal_cortex.o
 .text.__NVIC_SetPriority
                0x0000000008003180       0x54 Drivers/STM32F4xx_HAL_Driver/Src/stm32f4xx_hal_cortex.o
 .text.NVIC_EncodePriority
                0x00000000080031d4       0x66 Drivers/STM32F4xx_HAL_Driver/Src/stm32f4xx_hal_cortex.o
 *fill*         0x000000000800323a        0x2 
 .text.SysTick_Config
                0x000000000800323c       0x44 Drivers/STM32F4xx_HAL_Driver/Src/stm32f4xx_hal_cortex.o
 .text.HAL_NVIC_SetPriorityGrouping
                0x0000000008003280       0x16 Drivers/STM32F4xx_HAL_Driver/Src/stm32f4xx_hal_cortex.o
                0x0000000008003280                HAL_NVIC_SetPriorityGrouping
 .text.HAL_NVIC_SetPriority
                0x0000000008003296       0x38 Drivers/STM32F4xx_HAL_Driver/Src/stm32f4xx_hal_cortex.o
                0x0000000008003296                HAL_NVIC_SetPriority
 .text.HAL_NVIC_EnableIRQ
                0x00000000080032ce       0x1c Drivers/STM32F4xx_HAL_Driver/Src/stm32f4xx_hal_cortex.o
                0x00000000080032ce                HAL_NVIC_EnableIRQ
 .text.HAL_SYSTICK_Config
                0x00000000080032ea       0x18 Drivers/STM32F4xx_HAL_Driver/Src/stm32f4xx_hal_cortex.o
                0x00000000080032ea                HAL_SYSTICK_Config
 *fill*         0x0000000008003302        0x2 
 .text.HAL_GPIO_Init
                0x0000000008003304      0x334 Drivers/STM32F4xx_HAL_Driver/Src/stm32f4xx_hal_gpio.o
                0x0000000008003304                HAL_GPIO_Init
 .text.HAL_GPIO_WritePin
                0x0000000008003638       0x32 Drivers/STM32F4xx_HAL_Driver/Src/stm32f4xx_hal_gpio.o
                0x0000000008003638                HAL_GPIO_WritePin
 *fill*         0x000000000800366a        0x2 
 .text.HAL_RCC_OscConfig
                0x000000000800366c      0x4e0 Drivers/STM32F4xx_HAL_Driver/Src/stm32f4xx_hal_rcc.o
                0x000000000800366c                HAL_RCC_OscConfig
 .text.HAL_RCC_ClockConfig
                0x0000000008003b4c      0x1cc Drivers/STM32F4xx_HAL_Driver/Src/stm32f4xx_hal_rcc.o
                0x0000000008003b4c                HAL_RCC_ClockConfig
 .text.HAL_RCC_GetSysClockFreq
                0x0000000008003d18      0x164 Drivers/STM32F4xx_HAL_Driver/Src/stm32f4xx_hal_rcc.o
                0x0000000008003d18                HAL_RCC_GetSysClockFreq
 .text.HAL_SPI_Init
                0x0000000008003e7c       0xc8 Drivers/STM32F4xx_HAL_Driver/Src/stm32f4xx_hal_spi.o
                0x0000000008003e7c                HAL_SPI_Init
 .text.HAL_SPI_Transmit
                0x0000000008003f44      0x268 Drivers/STM32F4xx_HAL_Driver/Src/stm32f4xx_hal_spi.o
                0x0000000008003f44                HAL_SPI_Transmit
 .text.HAL_SPI_Receive
                0x00000000080041ac      0x212 Drivers/STM32F4xx_HAL_Driver/Src/stm32f4xx_hal_spi.o
                0x00000000080041ac                HAL_SPI_Receive
 .text.HAL_SPI_TransmitReceive
                0x00000000080043be      0x344 Drivers/STM32F4xx_HAL_Driver/Src/stm32f4xx_hal_spi.o
                0x00000000080043be                HAL_SPI_TransmitReceive
 .text.SPI_WaitFlagStateUntilTimeout
                0x0000000008004702       0xd4 Drivers/STM32F4xx_HAL_Driver/Src/stm32f4xx_hal_spi.o
 .text.SPI_EndRxTransaction
                0x00000000080047d6       0xca Drivers/STM32F4xx_HAL_Driver/Src/stm32f4xx_hal_spi.o
 .text.SPI_EndRxTxTransaction
                0x00000000080048a0       0x84 Drivers/STM32F4xx_HAL_Driver/Src/stm32f4xx_hal_spi.o
 .text.HAL_TIM_Base_Init
                0x0000000008004924       0x56 Drivers/STM32F4xx_HAL_Driver/Src/stm32f4xx_hal_tim.o
                0x0000000008004924                HAL_TIM_Base_Init
 .text.HAL_TIM_PWM_Init
                0x000000000800497a       0x56 Drivers/STM32F4xx_HAL_Driver/Src/stm32f4xx_hal_tim.o
                0x000000000800497a                HAL_TIM_PWM_Init
 .text.HAL_TIM_PWM_MspInit
                0x00000000080049d0       0x14 Drivers/STM32F4xx_HAL_Driver/Src/stm32f4xx_hal_tim.o
                0x00000000080049d0                HAL_TIM_PWM_MspInit
 .text.HAL_TIM_PWM_Start
                0x00000000080049e4       0x7c Drivers/STM32F4xx_HAL_Driver/Src/stm32f4xx_hal_tim.o
                0x00000000080049e4                HAL_TIM_PWM_Start
 .text.HAL_TIM_IC_Init
                0x0000000008004a60       0x56 Drivers/STM32F4xx_HAL_Driver/Src/stm32f4xx_hal_tim.o
                0x0000000008004a60                HAL_TIM_IC_Init
 .text.HAL_TIM_IC_MspInit
                0x0000000008004ab6       0x14 Drivers/STM32F4xx_HAL_Driver/Src/stm32f4xx_hal_tim.o
                0x0000000008004ab6                HAL_TIM_IC_MspInit
 *fill*         0x0000000008004aca        0x2 
 .text.HAL_TIM_IC_Start_IT
                0x0000000008004acc       0xd0 Drivers/STM32F4xx_HAL_Driver/Src/stm32f4xx_hal_tim.o
                0x0000000008004acc                HAL_TIM_IC_Start_IT
 .text.HAL_TIM_IRQHandler
                0x0000000008004b9c      0x210 Drivers/STM32F4xx_HAL_Driver/Src/stm32f4xx_hal_tim.o
                0x0000000008004b9c                HAL_TIM_IRQHandler
 .text.HAL_TIM_IC_ConfigChannel
                0x0000000008004dac      0x138 Drivers/STM32F4xx_HAL_Driver/Src/stm32f4xx_hal_tim.o
                0x0000000008004dac                HAL_TIM_IC_ConfigChannel
 .text.HAL_TIM_PWM_ConfigChannel
                0x0000000008004ee4      0x18c Drivers/STM32F4xx_HAL_Driver/Src/stm32f4xx_hal_tim.o
                0x0000000008004ee4                HAL_TIM_PWM_ConfigChannel
 .text.HAL_TIM_ConfigClockSource
                0x0000000008005070      0x16e Drivers/STM32F4xx_HAL_Driver/Src/stm32f4xx_hal_tim.o
                0x0000000008005070                HAL_TIM_ConfigClockSource
 *fill*         0x00000000080051de        0x2 
 .text.HAL_TIM_ReadCapturedValue
                0x00000000080051e0       0x88 Drivers/STM32F4xx_HAL_Driver/Src/stm32f4xx_hal_tim.o
                0x00000000080051e0                HAL_TIM_ReadCapturedValue
 .text.HAL_TIM_PeriodElapsedCallback
                0x0000000008005268       0x14 Drivers/STM32F4xx_HAL_Driver/Src/stm32f4xx_hal_tim.o
                0x0000000008005268                HAL_TIM_PeriodElapsedCallback
 .text.HAL_TIM_OC_DelayElapsedCallback
                0x000000000800527c       0x14 Drivers/STM32F4xx_HAL_Driver/Src/stm32f4xx_hal_tim.o
                0x000000000800527c                HAL_TIM_OC_DelayElapsedCallback
 .text.HAL_TIM_PWM_PulseFinishedCallback
                0x0000000008005290       0x14 Drivers/STM32F4xx_HAL_Driver/Src/stm32f4xx_hal_tim.o
                0x0000000008005290                HAL_TIM_PWM_PulseFinishedCallback
 .text.HAL_TIM_TriggerCallback
                0x00000000080052a4       0x14 Drivers/STM32F4xx_HAL_Driver/Src/stm32f4xx_hal_tim.o
                0x00000000080052a4                HAL_TIM_TriggerCallback
 .text.TIM_Base_SetConfig
                0x00000000080052b8      0x140 Drivers/STM32F4xx_HAL_Driver/Src/stm32f4xx_hal_tim.o
                0x00000000080052b8                TIM_Base_SetConfig
 .text.TIM_OC1_SetConfig
                0x00000000080053f8       0xe0 Drivers/STM32F4xx_HAL_Driver/Src/stm32f4xx_hal_tim.o
 .text.TIM_OC2_SetConfig
                0x00000000080054d8       0xec Drivers/STM32F4xx_HAL_Driver/Src/stm32f4xx_hal_tim.o
                0x00000000080054d8                TIM_OC2_SetConfig
 .text.TIM_OC3_SetConfig
                0x00000000080055c4       0xe8 Drivers/STM32F4xx_HAL_Driver/Src/stm32f4xx_hal_tim.o
 .text.TIM_OC4_SetConfig
                0x00000000080056ac       0xac Drivers/STM32F4xx_HAL_Driver/Src/stm32f4xx_hal_tim.o
 .text.TIM_TI1_SetConfig
                0x0000000008005758       0xe8 Drivers/STM32F4xx_HAL_Driver/Src/stm32f4xx_hal_tim.o
                0x0000000008005758                TIM_TI1_SetConfig
 .text.TIM_TI1_ConfigInputStage
                0x0000000008005840       0x5e Drivers/STM32F4xx_HAL_Driver/Src/stm32f4xx_hal_tim.o
 .text.TIM_TI2_SetConfig
                0x000000000800589e       0x7a Drivers/STM32F4xx_HAL_Driver/Src/stm32f4xx_hal_tim.o
 .text.TIM_TI2_ConfigInputStage
                0x0000000008005918       0x60 Drivers/STM32F4xx_HAL_Driver/Src/stm32f4xx_hal_tim.o
 .text.TIM_TI3_SetConfig
                0x0000000008005978       0x78 Drivers/STM32F4xx_HAL_Driver/Src/stm32f4xx_hal_tim.o
 .text.TIM_TI4_SetConfig
                0x00000000080059f0       0x7a Drivers/STM32F4xx_HAL_Driver/Src/stm32f4xx_hal_tim.o
 .text.TIM_ITRx_SetConfig
                0x0000000008005a6a       0x36 Drivers/STM32F4xx_HAL_Driver/Src/stm32f4xx_hal_tim.o
 .text.TIM_ETR_SetConfig
                0x0000000008005aa0       0x40 Drivers/STM32F4xx_HAL_Driver/Src/stm32f4xx_hal_tim.o
                0x0000000008005aa0                TIM_ETR_SetConfig
 .text.TIM_CCxChannelCmd
                0x0000000008005ae0       0x4a Drivers/STM32F4xx_HAL_Driver/Src/stm32f4xx_hal_tim.o
                0x0000000008005ae0                TIM_CCxChannelCmd
 .text.HAL_TIMEx_PWMN_Start
                0x0000000008005b2a       0x54 Drivers/STM32F4xx_HAL_Driver/Src/stm32f4xx_hal_tim_ex.o
                0x0000000008005b2a                HAL_TIMEx_PWMN_Start
 *fill*         0x0000000008005b7e        0x2 
 .text.HAL_TIMEx_MasterConfigSynchronization
                0x0000000008005b80       0xf8 Drivers/STM32F4xx_HAL_Driver/Src/stm32f4xx_hal_tim_ex.o
                0x0000000008005b80                HAL_TIMEx_MasterConfigSynchronization
 .text.HAL_TIMEx_ConfigBreakDeadTime
                0x0000000008005c78       0xa4 Drivers/STM32F4xx_HAL_Driver/Src/stm32f4xx_hal_tim_ex.o
                0x0000000008005c78                HAL_TIMEx_ConfigBreakDeadTime
 .text.HAL_TIMEx_CommutCallback
                0x0000000008005d1c       0x14 Drivers/STM32F4xx_HAL_Driver/Src/stm32f4xx_hal_tim_ex.o
                0x0000000008005d1c                HAL_TIMEx_CommutCallback
 .text.HAL_TIMEx_BreakCallback
                0x0000000008005d30       0x14 Drivers/STM32F4xx_HAL_Driver/Src/stm32f4xx_hal_tim_ex.o
                0x0000000008005d30                HAL_TIMEx_BreakCallback
 .text.TIM_CCxNChannelCmd
                0x0000000008005d44       0x4a Drivers/STM32F4xx_HAL_Driver/Src/stm32f4xx_hal_tim_ex.o
 *fill*         0x0000000008005d8e        0x2 
 .text.__libc_init_array
                0x0000000008005d90       0x48 c:/st/stm32cubeide_1.4.0/stm32cubeide/plugins/com.st.stm32cube.ide.mcu.externaltools.gnu-tools-for-stm32.7-2018-q2-update.win32_1.4.0.202007081208/tools/bin/../lib/gcc/arm-none-eabi/7.3.1/../../../../arm-none-eabi/lib/thumb/v7e-m/fpv4-sp/hard\libc_nano.a(lib_a-init.o)
                0x0000000008005d90                __libc_init_array
 .text.memcpy   0x0000000008005dd8       0x16 c:/st/stm32cubeide_1.4.0/stm32cubeide/plugins/com.st.stm32cube.ide.mcu.externaltools.gnu-tools-for-stm32.7-2018-q2-update.win32_1.4.0.202007081208/tools/bin/../lib/gcc/arm-none-eabi/7.3.1/../../../../arm-none-eabi/lib/thumb/v7e-m/fpv4-sp/hard\libc_nano.a(lib_a-memcpy-stub.o)
                0x0000000008005dd8                memcpy
 .text.memset   0x0000000008005dee       0x10 c:/st/stm32cubeide_1.4.0/stm32cubeide/plugins/com.st.stm32cube.ide.mcu.externaltools.gnu-tools-for-stm32.7-2018-q2-update.win32_1.4.0.202007081208/tools/bin/../lib/gcc/arm-none-eabi/7.3.1/../../../../arm-none-eabi/lib/thumb/v7e-m/fpv4-sp/hard\libc_nano.a(lib_a-memset.o)
                0x0000000008005dee                memset
 *(.glue_7)
 .glue_7        0x0000000008005dfe        0x0 linker stubs
 *(.glue_7t)
 .glue_7t       0x0000000008005dfe        0x0 linker stubs
 *(.eh_frame)
 *fill*         0x0000000008005dfe        0x2 
 .eh_frame      0x0000000008005e00        0x0 c:/st/stm32cubeide_1.4.0/stm32cubeide/plugins/com.st.stm32cube.ide.mcu.externaltools.gnu-tools-for-stm32.7-2018-q2-update.win32_1.4.0.202007081208/tools/bin/../lib/gcc/arm-none-eabi/7.3.1/thumb/v7e-m/fpv4-sp/hard/crtbegin.o
 *(.init)
 .init          0x0000000008005e00        0x4 c:/st/stm32cubeide_1.4.0/stm32cubeide/plugins/com.st.stm32cube.ide.mcu.externaltools.gnu-tools-for-stm32.7-2018-q2-update.win32_1.4.0.202007081208/tools/bin/../lib/gcc/arm-none-eabi/7.3.1/thumb/v7e-m/fpv4-sp/hard/crti.o
                0x0000000008005e00                _init
 .init          0x0000000008005e04        0x8 c:/st/stm32cubeide_1.4.0/stm32cubeide/plugins/com.st.stm32cube.ide.mcu.externaltools.gnu-tools-for-stm32.7-2018-q2-update.win32_1.4.0.202007081208/tools/bin/../lib/gcc/arm-none-eabi/7.3.1/thumb/v7e-m/fpv4-sp/hard/crtn.o
 *(.fini)
 .fini          0x0000000008005e0c        0x4 c:/st/stm32cubeide_1.4.0/stm32cubeide/plugins/com.st.stm32cube.ide.mcu.externaltools.gnu-tools-for-stm32.7-2018-q2-update.win32_1.4.0.202007081208/tools/bin/../lib/gcc/arm-none-eabi/7.3.1/thumb/v7e-m/fpv4-sp/hard/crti.o
                0x0000000008005e0c                _fini
 .fini          0x0000000008005e10        0x8 c:/st/stm32cubeide_1.4.0/stm32cubeide/plugins/com.st.stm32cube.ide.mcu.externaltools.gnu-tools-for-stm32.7-2018-q2-update.win32_1.4.0.202007081208/tools/bin/../lib/gcc/arm-none-eabi/7.3.1/thumb/v7e-m/fpv4-sp/hard/crtn.o
                0x0000000008005e18                . = ALIGN (0x4)
                0x0000000008005e18                _etext = .

.vfp11_veneer   0x0000000008005e18        0x0
 .vfp11_veneer  0x0000000008005e18        0x0 linker stubs

.v4_bx          0x0000000008005e18        0x0
 .v4_bx         0x0000000008005e18        0x0 linker stubs

.iplt           0x0000000008005e18        0x0
 .iplt          0x0000000008005e18        0x0 c:/st/stm32cubeide_1.4.0/stm32cubeide/plugins/com.st.stm32cube.ide.mcu.externaltools.gnu-tools-for-stm32.7-2018-q2-update.win32_1.4.0.202007081208/tools/bin/../lib/gcc/arm-none-eabi/7.3.1/thumb/v7e-m/fpv4-sp/hard/crtbegin.o

.rodata         0x0000000008005e18       0x20
                0x0000000008005e18                . = ALIGN (0x4)
 *(.rodata)
 *(.rodata*)
 .rodata.AHBPrescTable
                0x0000000008005e18       0x10 Core/Src/system_stm32f4xx.o
                0x0000000008005e18                AHBPrescTable
 .rodata.NRF24_ADDR_REGS
                0x0000000008005e28        0x7 Core/Src/omnicar_src/MY_NRF24.o
 *fill*         0x0000000008005e2f        0x1 
 .rodata.RF24_RX_PW_PIPE
                0x0000000008005e30        0x6 Core/Src/omnicar_src/MY_NRF24.o
                0x0000000008005e38                . = ALIGN (0x4)
 *fill*         0x0000000008005e36        0x2 

.ARM.extab      0x0000000008005e38        0x0
                0x0000000008005e38                . = ALIGN (0x4)
 *(.ARM.extab* .gnu.linkonce.armextab.*)
                0x0000000008005e38                . = ALIGN (0x4)

.ARM            0x0000000008005e38        0x8
                0x0000000008005e38                . = ALIGN (0x4)
                0x0000000008005e38                __exidx_start = .
 *(.ARM.exidx*)
 .ARM.exidx     0x0000000008005e38        0x8 c:/st/stm32cubeide_1.4.0/stm32cubeide/plugins/com.st.stm32cube.ide.mcu.externaltools.gnu-tools-for-stm32.7-2018-q2-update.win32_1.4.0.202007081208/tools/bin/../lib/gcc/arm-none-eabi/7.3.1/thumb/v7e-m/fpv4-sp/hard\libgcc.a(_udivmoddi4.o)
                0x0000000008005e40                __exidx_end = .
                0x0000000008005e40                . = ALIGN (0x4)

.rel.dyn        0x0000000008005e40        0x0
 .rel.iplt      0x0000000008005e40        0x0 c:/st/stm32cubeide_1.4.0/stm32cubeide/plugins/com.st.stm32cube.ide.mcu.externaltools.gnu-tools-for-stm32.7-2018-q2-update.win32_1.4.0.202007081208/tools/bin/../lib/gcc/arm-none-eabi/7.3.1/thumb/v7e-m/fpv4-sp/hard/crtbegin.o

.preinit_array  0x0000000008005e40        0x0
                0x0000000008005e40                . = ALIGN (0x4)
                0x0000000008005e40                PROVIDE (__preinit_array_start = .)
 *(.preinit_array*)
                0x0000000008005e40                PROVIDE (__preinit_array_end = .)
                0x0000000008005e40                . = ALIGN (0x4)

.init_array     0x0000000008005e40        0x4
                0x0000000008005e40                . = ALIGN (0x4)
                0x0000000008005e40                PROVIDE (__init_array_start = .)
 *(SORT_BY_NAME(.init_array.*))
 *(.init_array*)
 .init_array    0x0000000008005e40        0x4 c:/st/stm32cubeide_1.4.0/stm32cubeide/plugins/com.st.stm32cube.ide.mcu.externaltools.gnu-tools-for-stm32.7-2018-q2-update.win32_1.4.0.202007081208/tools/bin/../lib/gcc/arm-none-eabi/7.3.1/thumb/v7e-m/fpv4-sp/hard/crtbegin.o
                0x0000000008005e44                PROVIDE (__init_array_end = .)
                0x0000000008005e44                . = ALIGN (0x4)

.fini_array     0x0000000008005e44        0x4
                0x0000000008005e44                . = ALIGN (0x4)
                [!provide]                        PROVIDE (__fini_array_start = .)
 *(SORT_BY_NAME(.fini_array.*))
 *(.fini_array*)
 .fini_array    0x0000000008005e44        0x4 c:/st/stm32cubeide_1.4.0/stm32cubeide/plugins/com.st.stm32cube.ide.mcu.externaltools.gnu-tools-for-stm32.7-2018-q2-update.win32_1.4.0.202007081208/tools/bin/../lib/gcc/arm-none-eabi/7.3.1/thumb/v7e-m/fpv4-sp/hard/crtbegin.o
                [!provide]                        PROVIDE (__fini_array_end = .)
                0x0000000008005e48                . = ALIGN (0x4)
                0x0000000008005e48                _sidata = LOADADDR (.data)

.data           0x0000000020000000       0x3c load address 0x0000000008005e48
                0x0000000020000000                . = ALIGN (0x4)
                0x0000000020000000                _sdata = .
 *(.data)
 *(.data*)
 .data.RxpipeAddrs
                0x0000000020000000        0x8 Core/Src/main.o
                0x0000000020000000                RxpipeAddrs
 .data.channel  0x0000000020000008        0x1 Core/Src/main.o
                0x0000000020000008                channel
 .data.payload_size
                0x0000000020000009        0x1 Core/Src/main.o
                0x0000000020000009                payload_size
 *fill*         0x000000002000000a        0x2 
 .data.channel_array
                0x000000002000000c       0x10 Core/Src/main.o
                0x000000002000000c                channel_array
 .data.gpio_pin_array
                0x000000002000001c       0x10 Core/Src/main.o
                0x000000002000001c                gpio_pin_array
 .data.SystemCoreClock
                0x000000002000002c        0x4 Core/Src/system_stm32f4xx.o
                0x000000002000002c                SystemCoreClock
 .data.dutyCycle
                0x0000000020000030        0x1 Core/Src/omnicar_src/sensors.o
 *fill*         0x0000000020000031        0x3 
 .data.uwTickPrio
                0x0000000020000034        0x4 Drivers/STM32F4xx_HAL_Driver/Src/stm32f4xx_hal.o
                0x0000000020000034                uwTickPrio
 .data.uwTickFreq
                0x0000000020000038        0x1 Drivers/STM32F4xx_HAL_Driver/Src/stm32f4xx_hal.o
                0x0000000020000038                uwTickFreq
                0x000000002000003c                . = ALIGN (0x4)
 *fill*         0x0000000020000039        0x3 
                0x000000002000003c                _edata = .

.igot.plt       0x000000002000003c        0x0 load address 0x0000000008005e84
 .igot.plt      0x000000002000003c        0x0 c:/st/stm32cubeide_1.4.0/stm32cubeide/plugins/com.st.stm32cube.ide.mcu.externaltools.gnu-tools-for-stm32.7-2018-q2-update.win32_1.4.0.202007081208/tools/bin/../lib/gcc/arm-none-eabi/7.3.1/thumb/v7e-m/fpv4-sp/hard/crtbegin.o
                0x000000002000003c                . = ALIGN (0x4)

.bss            0x0000000020000040      0x290 load address 0x0000000008005e84
                0x0000000020000040                _sbss = .
                0x0000000020000040                __bss_start__ = _sbss
 *(.bss)
 .bss           0x0000000020000040       0x1c c:/st/stm32cubeide_1.4.0/stm32cubeide/plugins/com.st.stm32cube.ide.mcu.externaltools.gnu-tools-for-stm32.7-2018-q2-update.win32_1.4.0.202007081208/tools/bin/../lib/gcc/arm-none-eabi/7.3.1/thumb/v7e-m/fpv4-sp/hard/crtbegin.o
 *(.bss*)
 .bss.dst       0x000000002000005c        0x1 Core/Src/main.o
                0x000000002000005c                dst
 .bss.dst_2     0x000000002000005d        0x1 Core/Src/main.o
                0x000000002000005d                dst_2
 *fill*         0x000000002000005e        0x2 
 .bss.pipe0_reading_address
                0x0000000020000060        0x8 Core/Src/omnicar_src/MY_NRF24.o
 .bss.payload_size
                0x0000000020000068        0x1 Core/Src/omnicar_src/MY_NRF24.o
 .bss.dynamic_payloads_enabled
                0x0000000020000069        0x1 Core/Src/omnicar_src/MY_NRF24.o
 .bss.wide_band
                0x000000002000006a        0x1 Core/Src/omnicar_src/MY_NRF24.o
 *fill*         0x000000002000006b        0x1 
 .bss.nrf24_PORT
                0x000000002000006c        0x4 Core/Src/omnicar_src/MY_NRF24.o
 .bss.nrf24_CE_PORT
                0x0000000020000070        0x4 Core/Src/omnicar_src/MY_NRF24.o
 .bss.nrf24_CSN_PIN
                0x0000000020000074        0x2 Core/Src/omnicar_src/MY_NRF24.o
 .bss.nrf24_CE_PIN
                0x0000000020000076        0x2 Core/Src/omnicar_src/MY_NRF24.o
 .bss.nrf24_hspi
                0x0000000020000078       0x58 Core/Src/omnicar_src/MY_NRF24.o
 .bss.batValue  0x00000000200000d0        0x1 Core/Src/omnicar_src/battery.o
 .bss.bat       0x00000000200000d1        0x1 Core/Src/omnicar_src/battery.o
 *fill*         0x00000000200000d2        0x2 
 .bss.batPercent
                0x00000000200000d4        0x4 Core/Src/omnicar_src/battery.o
 .bss.TIM_PORT  0x00000000200000d8        0x4 Core/Src/omnicar_src/motors.o
 .bss.MOTORS_GPIO_PORT_E
                0x00000000200000dc        0x4 Core/Src/omnicar_src/motors.o
 .bss.MOTORS_GPIO_PORT_B
                0x00000000200000e0        0x4 Core/Src/omnicar_src/motors.o
 .bss.IN1_A     0x00000000200000e4        0x2 Core/Src/omnicar_src/motors.o
 .bss.IN1_B     0x00000000200000e6        0x2 Core/Src/omnicar_src/motors.o
 .bss.IN2_A     0x00000000200000e8        0x2 Core/Src/omnicar_src/motors.o
 .bss.IN2_B     0x00000000200000ea        0x2 Core/Src/omnicar_src/motors.o
 .bss.IN1_C     0x00000000200000ec        0x2 Core/Src/omnicar_src/motors.o
 .bss.IN1_D     0x00000000200000ee        0x2 Core/Src/omnicar_src/motors.o
 .bss.IN2_C     0x00000000200000f0        0x2 Core/Src/omnicar_src/motors.o
 .bss.IN2_D     0x00000000200000f2        0x2 Core/Src/omnicar_src/motors.o
 .bss.IC_Value  0x00000000200000f4        0x8 Core/Src/omnicar_src/sensors.o
                0x00000000200000f4                IC_Value
 .bss.Is_First_Captured
                0x00000000200000fc        0x2 Core/Src/omnicar_src/sensors.o
                0x00000000200000fc                Is_First_Captured
 .bss.temp      0x00000000200000fe        0x2 Core/Src/omnicar_src/sensors.o
                0x00000000200000fe                temp
 .bss.RAW_DISTANCE
                0x0000000020000100        0x2 Core/Src/omnicar_src/sensors.o
                0x0000000020000100                RAW_DISTANCE
 .bss.RAW_DISTANCE_2
                0x0000000020000102        0x2 Core/Src/omnicar_src/sensors.o
                0x0000000020000102                RAW_DISTANCE_2
 .bss.TIM_PORT  0x0000000020000104        0x4 Core/Src/omnicar_src/sensors.o
 .bss.state     0x0000000020000108        0x1 Core/Src/omnicar_src/sensors.o
 .bss.dst       0x0000000020000109        0x1 Core/Src/omnicar_src/sensors.o
 .bss.dst_2     0x000000002000010a        0x1 Core/Src/omnicar_src/sensors.o
 *(COMMON)
 *fill*         0x000000002000010b        0x1 
 COMMON         0x000000002000010c      0x1c0 Core/Src/main.o
                0x000000002000010c                myAckPayload
                0x0000000020000110                hspi2
                0x0000000020000168                htim8
                0x00000000200001a8                htim4
                0x00000000200001e8                myRxData
                0x00000000200001ec                hadc1
                0x0000000020000234                htim1
                0x0000000020000274                hspi1
 COMMON         0x00000000200002cc        0x4 Drivers/STM32F4xx_HAL_Driver/Src/stm32f4xx_hal.o
                0x00000000200002cc                uwTick
                0x00000000200002d0                . = ALIGN (0x4)
                0x00000000200002d0                _ebss = .
                0x00000000200002d0                __bss_end__ = _ebss

._user_heap_stack
                0x00000000200002d0      0x600 load address 0x0000000008005e84
                0x00000000200002d0                . = ALIGN (0x8)
                [!provide]                        PROVIDE (end = .)
                0x00000000200002d0                PROVIDE (_end = .)
                0x00000000200004d0                . = (. + _Min_Heap_Size)
 *fill*         0x00000000200002d0      0x200 
                0x00000000200008d0                . = (. + _Min_Stack_Size)
 *fill*         0x00000000200004d0      0x400 
                0x00000000200008d0                . = ALIGN (0x8)

/DISCARD/
 libc.a(*)
 libm.a(*)
 libgcc.a(*)

.ARM.attributes
                0x0000000000000000       0x30
 *(.ARM.attributes)
 .ARM.attributes
                0x0000000000000000       0x22 c:/st/stm32cubeide_1.4.0/stm32cubeide/plugins/com.st.stm32cube.ide.mcu.externaltools.gnu-tools-for-stm32.7-2018-q2-update.win32_1.4.0.202007081208/tools/bin/../lib/gcc/arm-none-eabi/7.3.1/thumb/v7e-m/fpv4-sp/hard/crti.o
 .ARM.attributes
                0x0000000000000022       0x34 c:/st/stm32cubeide_1.4.0/stm32cubeide/plugins/com.st.stm32cube.ide.mcu.externaltools.gnu-tools-for-stm32.7-2018-q2-update.win32_1.4.0.202007081208/tools/bin/../lib/gcc/arm-none-eabi/7.3.1/thumb/v7e-m/fpv4-sp/hard/crtbegin.o
 .ARM.attributes
                0x0000000000000056       0x39 Core/Src/main.o
 .ARM.attributes
                0x000000000000008f       0x39 Core/Src/stm32f4xx_hal_msp.o
 .ARM.attributes
                0x00000000000000c8       0x39 Core/Src/stm32f4xx_it.o
 .ARM.attributes
                0x0000000000000101       0x39 Core/Src/system_stm32f4xx.o
 .ARM.attributes
                0x000000000000013a       0x39 Core/Src/omnicar_src/MY_NRF24.o
 .ARM.attributes
                0x0000000000000173       0x39 Core/Src/omnicar_src/battery.o
 .ARM.attributes
                0x00000000000001ac       0x39 Core/Src/omnicar_src/motors.o
 .ARM.attributes
                0x00000000000001e5       0x39 Core/Src/omnicar_src/sensors.o
 .ARM.attributes
                0x000000000000021e       0x21 Core/Startup/startup_stm32f417vgtx.o
 .ARM.attributes
                0x000000000000023f       0x39 Drivers/STM32F4xx_HAL_Driver/Src/stm32f4xx_hal.o
 .ARM.attributes
                0x0000000000000278       0x39 Drivers/STM32F4xx_HAL_Driver/Src/stm32f4xx_hal_adc.o
 .ARM.attributes
                0x00000000000002b1       0x39 Drivers/STM32F4xx_HAL_Driver/Src/stm32f4xx_hal_cortex.o
 .ARM.attributes
                0x00000000000002ea       0x39 Drivers/STM32F4xx_HAL_Driver/Src/stm32f4xx_hal_gpio.o
 .ARM.attributes
                0x0000000000000323       0x39 Drivers/STM32F4xx_HAL_Driver/Src/stm32f4xx_hal_rcc.o
 .ARM.attributes
                0x000000000000035c       0x39 Drivers/STM32F4xx_HAL_Driver/Src/stm32f4xx_hal_spi.o
 .ARM.attributes
                0x0000000000000395       0x39 Drivers/STM32F4xx_HAL_Driver/Src/stm32f4xx_hal_tim.o
 .ARM.attributes
                0x00000000000003ce       0x39 Drivers/STM32F4xx_HAL_Driver/Src/stm32f4xx_hal_tim_ex.o
 .ARM.attributes
                0x0000000000000407       0x34 c:/st/stm32cubeide_1.4.0/stm32cubeide/plugins/com.st.stm32cube.ide.mcu.externaltools.gnu-tools-for-stm32.7-2018-q2-update.win32_1.4.0.202007081208/tools/bin/../lib/gcc/arm-none-eabi/7.3.1/../../../../arm-none-eabi/lib/thumb/v7e-m/fpv4-sp/hard\libc_nano.a(lib_a-init.o)
 .ARM.attributes
                0x000000000000043b       0x34 c:/st/stm32cubeide_1.4.0/stm32cubeide/plugins/com.st.stm32cube.ide.mcu.externaltools.gnu-tools-for-stm32.7-2018-q2-update.win32_1.4.0.202007081208/tools/bin/../lib/gcc/arm-none-eabi/7.3.1/../../../../arm-none-eabi/lib/thumb/v7e-m/fpv4-sp/hard\libc_nano.a(lib_a-memcpy-stub.o)
 .ARM.attributes
                0x000000000000046f       0x34 c:/st/stm32cubeide_1.4.0/stm32cubeide/plugins/com.st.stm32cube.ide.mcu.externaltools.gnu-tools-for-stm32.7-2018-q2-update.win32_1.4.0.202007081208/tools/bin/../lib/gcc/arm-none-eabi/7.3.1/../../../../arm-none-eabi/lib/thumb/v7e-m/fpv4-sp/hard\libc_nano.a(lib_a-memset.o)
 .ARM.attributes
                0x00000000000004a3       0x22 c:/st/stm32cubeide_1.4.0/stm32cubeide/plugins/com.st.stm32cube.ide.mcu.externaltools.gnu-tools-for-stm32.7-2018-q2-update.win32_1.4.0.202007081208/tools/bin/../lib/gcc/arm-none-eabi/7.3.1/thumb/v7e-m/fpv4-sp/hard\libgcc.a(_aeabi_uldivmod.o)
 .ARM.attributes
                0x00000000000004c5       0x34 c:/st/stm32cubeide_1.4.0/stm32cubeide/plugins/com.st.stm32cube.ide.mcu.externaltools.gnu-tools-for-stm32.7-2018-q2-update.win32_1.4.0.202007081208/tools/bin/../lib/gcc/arm-none-eabi/7.3.1/thumb/v7e-m/fpv4-sp/hard\libgcc.a(_udivmoddi4.o)
 .ARM.attributes
                0x00000000000004f9       0x22 c:/st/stm32cubeide_1.4.0/stm32cubeide/plugins/com.st.stm32cube.ide.mcu.externaltools.gnu-tools-for-stm32.7-2018-q2-update.win32_1.4.0.202007081208/tools/bin/../lib/gcc/arm-none-eabi/7.3.1/thumb/v7e-m/fpv4-sp/hard\libgcc.a(_dvmd_tls.o)
 .ARM.attributes
                0x000000000000051b       0x22 c:/st/stm32cubeide_1.4.0/stm32cubeide/plugins/com.st.stm32cube.ide.mcu.externaltools.gnu-tools-for-stm32.7-2018-q2-update.win32_1.4.0.202007081208/tools/bin/../lib/gcc/arm-none-eabi/7.3.1/thumb/v7e-m/fpv4-sp/hard/crtn.o
OUTPUT(OT1_OMNICAR_ST417.elf elf32-littlearm)

.debug_info     0x0000000000000000     0xf89b
 .debug_info    0x0000000000000000     0x1d3a Core/Src/main.o
 .debug_info    0x0000000000001d3a     0x12a4 Core/Src/stm32f4xx_hal_msp.o
 .debug_info    0x0000000000002fde      0x6fc Core/Src/stm32f4xx_it.o
 .debug_info    0x00000000000036da      0x554 Core/Src/system_stm32f4xx.o
 .debug_info    0x0000000000003c2e     0x1b43 Core/Src/omnicar_src/MY_NRF24.o
 .debug_info    0x0000000000005771      0xea6 Core/Src/omnicar_src/battery.o
 .debug_info    0x0000000000006617      0x8c7 Core/Src/omnicar_src/motors.o
 .debug_info    0x0000000000006ede      0x841 Core/Src/omnicar_src/sensors.o
 .debug_info    0x000000000000771f       0x22 Core/Startup/startup_stm32f417vgtx.o
 .debug_info    0x0000000000007741      0x94b Drivers/STM32F4xx_HAL_Driver/Src/stm32f4xx_hal.o
 .debug_info    0x000000000000808c      0xcee Drivers/STM32F4xx_HAL_Driver/Src/stm32f4xx_hal_adc.o
 .debug_info    0x0000000000008d7a      0xe2e Drivers/STM32F4xx_HAL_Driver/Src/stm32f4xx_hal_cortex.o
 .debug_info    0x0000000000009ba8      0x7b5 Drivers/STM32F4xx_HAL_Driver/Src/stm32f4xx_hal_gpio.o
 .debug_info    0x000000000000a35d      0x904 Drivers/STM32F4xx_HAL_Driver/Src/stm32f4xx_hal_rcc.o
 .debug_info    0x000000000000ac61     0x163a Drivers/STM32F4xx_HAL_Driver/Src/stm32f4xx_hal_spi.o
 .debug_info    0x000000000000c29b     0x24a9 Drivers/STM32F4xx_HAL_Driver/Src/stm32f4xx_hal_tim.o
 .debug_info    0x000000000000e744     0x1157 Drivers/STM32F4xx_HAL_Driver/Src/stm32f4xx_hal_tim_ex.o

.debug_abbrev   0x0000000000000000     0x20d1
 .debug_abbrev  0x0000000000000000      0x281 Core/Src/main.o
 .debug_abbrev  0x0000000000000281      0x1de Core/Src/stm32f4xx_hal_msp.o
 .debug_abbrev  0x000000000000045f      0x15a Core/Src/stm32f4xx_it.o
 .debug_abbrev  0x00000000000005b9      0x12b Core/Src/system_stm32f4xx.o
 .debug_abbrev  0x00000000000006e4      0x330 Core/Src/omnicar_src/MY_NRF24.o
 .debug_abbrev  0x0000000000000a14      0x1d3 Core/Src/omnicar_src/battery.o
 .debug_abbrev  0x0000000000000be7      0x1ac Core/Src/omnicar_src/motors.o
 .debug_abbrev  0x0000000000000d93      0x1ca Core/Src/omnicar_src/sensors.o
 .debug_abbrev  0x0000000000000f5d       0x12 Core/Startup/startup_stm32f417vgtx.o
 .debug_abbrev  0x0000000000000f6f      0x1c7 Drivers/STM32F4xx_HAL_Driver/Src/stm32f4xx_hal.o
 .debug_abbrev  0x0000000000001136      0x205 Drivers/STM32F4xx_HAL_Driver/Src/stm32f4xx_hal_adc.o
 .debug_abbrev  0x000000000000133b      0x2fa Drivers/STM32F4xx_HAL_Driver/Src/stm32f4xx_hal_cortex.o
 .debug_abbrev  0x0000000000001635      0x1c9 Drivers/STM32F4xx_HAL_Driver/Src/stm32f4xx_hal_gpio.o
 .debug_abbrev  0x00000000000017fe      0x245 Drivers/STM32F4xx_HAL_Driver/Src/stm32f4xx_hal_rcc.o
 .debug_abbrev  0x0000000000001a43      0x240 Drivers/STM32F4xx_HAL_Driver/Src/stm32f4xx_hal_spi.o
 .debug_abbrev  0x0000000000001c83      0x230 Drivers/STM32F4xx_HAL_Driver/Src/stm32f4xx_hal_tim.o
 .debug_abbrev  0x0000000000001eb3      0x21e Drivers/STM32F4xx_HAL_Driver/Src/stm32f4xx_hal_tim_ex.o

.debug_aranges  0x0000000000000000      0xe60
 .debug_aranges
                0x0000000000000000       0x68 Core/Src/main.o
 .debug_aranges
                0x0000000000000068       0x58 Core/Src/stm32f4xx_hal_msp.o
 .debug_aranges
                0x00000000000000c0       0x70 Core/Src/stm32f4xx_it.o
 .debug_aranges
                0x0000000000000130       0x28 Core/Src/system_stm32f4xx.o
 .debug_aranges
                0x0000000000000158      0x1b8 Core/Src/omnicar_src/MY_NRF24.o
 .debug_aranges
                0x0000000000000310       0x20 Core/Src/omnicar_src/battery.o
 .debug_aranges
                0x0000000000000330       0x30 Core/Src/omnicar_src/motors.o
 .debug_aranges
                0x0000000000000360       0x40 Core/Src/omnicar_src/sensors.o
 .debug_aranges
                0x00000000000003a0       0x28 Core/Startup/startup_stm32f417vgtx.o
 .debug_aranges
                0x00000000000003c8       0xf0 Drivers/STM32F4xx_HAL_Driver/Src/stm32f4xx_hal.o
 .debug_aranges
                0x00000000000004b8       0xe8 Drivers/STM32F4xx_HAL_Driver/Src/stm32f4xx_hal_adc.o
 .debug_aranges
                0x00000000000005a0      0x118 Drivers/STM32F4xx_HAL_Driver/Src/stm32f4xx_hal_cortex.o
 .debug_aranges
                0x00000000000006b8       0x58 Drivers/STM32F4xx_HAL_Driver/Src/stm32f4xx_hal_gpio.o
 .debug_aranges
                0x0000000000000710       0x88 Drivers/STM32F4xx_HAL_Driver/Src/stm32f4xx_hal_rcc.o
 .debug_aranges
                0x0000000000000798      0x1d0 Drivers/STM32F4xx_HAL_Driver/Src/stm32f4xx_hal_spi.o
 .debug_aranges
                0x0000000000000968      0x3a8 Drivers/STM32F4xx_HAL_Driver/Src/stm32f4xx_hal_tim.o
 .debug_aranges
                0x0000000000000d10      0x150 Drivers/STM32F4xx_HAL_Driver/Src/stm32f4xx_hal_tim_ex.o

.debug_ranges   0x0000000000000000      0xd58
 .debug_ranges  0x0000000000000000       0x58 Core/Src/main.o
 .debug_ranges  0x0000000000000058       0x48 Core/Src/stm32f4xx_hal_msp.o
 .debug_ranges  0x00000000000000a0       0x60 Core/Src/stm32f4xx_it.o
 .debug_ranges  0x0000000000000100       0x18 Core/Src/system_stm32f4xx.o
 .debug_ranges  0x0000000000000118      0x1a8 Core/Src/omnicar_src/MY_NRF24.o
 .debug_ranges  0x00000000000002c0       0x10 Core/Src/omnicar_src/battery.o
 .debug_ranges  0x00000000000002d0       0x20 Core/Src/omnicar_src/motors.o
 .debug_ranges  0x00000000000002f0       0x30 Core/Src/omnicar_src/sensors.o
 .debug_ranges  0x0000000000000320       0x20 Core/Startup/startup_stm32f417vgtx.o
 .debug_ranges  0x0000000000000340       0xe0 Drivers/STM32F4xx_HAL_Driver/Src/stm32f4xx_hal.o
 .debug_ranges  0x0000000000000420       0xd8 Drivers/STM32F4xx_HAL_Driver/Src/stm32f4xx_hal_adc.o
 .debug_ranges  0x00000000000004f8      0x108 Drivers/STM32F4xx_HAL_Driver/Src/stm32f4xx_hal_cortex.o
 .debug_ranges  0x0000000000000600       0x48 Drivers/STM32F4xx_HAL_Driver/Src/stm32f4xx_hal_gpio.o
 .debug_ranges  0x0000000000000648       0x78 Drivers/STM32F4xx_HAL_Driver/Src/stm32f4xx_hal_rcc.o
 .debug_ranges  0x00000000000006c0      0x1c0 Drivers/STM32F4xx_HAL_Driver/Src/stm32f4xx_hal_spi.o
 .debug_ranges  0x0000000000000880      0x398 Drivers/STM32F4xx_HAL_Driver/Src/stm32f4xx_hal_tim.o
 .debug_ranges  0x0000000000000c18      0x140 Drivers/STM32F4xx_HAL_Driver/Src/stm32f4xx_hal_tim_ex.o

.debug_macro    0x0000000000000000    0x22667
 .debug_macro   0x0000000000000000      0x3e4 Core/Src/main.o
 .debug_macro   0x00000000000003e4      0xa5a Core/Src/main.o
 .debug_macro   0x0000000000000e3e      0x29a Core/Src/main.o
 .debug_macro   0x00000000000010d8       0x2e Core/Src/main.o
 .debug_macro   0x0000000000001106       0x28 Core/Src/main.o
 .debug_macro   0x000000000000112e       0x22 Core/Src/main.o
 .debug_macro   0x0000000000001150       0x8e Core/Src/main.o
 .debug_macro   0x00000000000011de       0x51 Core/Src/main.o
 .debug_macro   0x000000000000122f       0xef Core/Src/main.o
 .debug_macro   0x000000000000131e       0x6a Core/Src/main.o
 .debug_macro   0x0000000000001388      0x1df Core/Src/main.o
 .debug_macro   0x0000000000001567       0x1c Core/Src/main.o
 .debug_macro   0x0000000000001583       0x22 Core/Src/main.o
 .debug_macro   0x00000000000015a5       0xdf Core/Src/main.o
 .debug_macro   0x0000000000001684     0x102d Core/Src/main.o
 .debug_macro   0x00000000000026b1      0x11f Core/Src/main.o
 .debug_macro   0x00000000000027d0    0x1632f Core/Src/main.o
 .debug_macro   0x0000000000018aff       0x43 Core/Src/main.o
 .debug_macro   0x0000000000018b42     0x3659 Core/Src/main.o
 .debug_macro   0x000000000001c19b      0x174 Core/Src/main.o
 .debug_macro   0x000000000001c30f       0x5a Core/Src/main.o
 .debug_macro   0x000000000001c369      0x9db Core/Src/main.o
 .debug_macro   0x000000000001cd44      0x9fe Core/Src/main.o
 .debug_macro   0x000000000001d742      0x117 Core/Src/main.o
 .debug_macro   0x000000000001d859      0x13e Core/Src/main.o
 .debug_macro   0x000000000001d997       0x27 Core/Src/main.o
 .debug_macro   0x000000000001d9be      0x174 Core/Src/main.o
 .debug_macro   0x000000000001db32      0x287 Core/Src/main.o
 .debug_macro   0x000000000001ddb9       0x5f Core/Src/main.o
 .debug_macro   0x000000000001de18      0x236 Core/Src/main.o
 .debug_macro   0x000000000001e04e      0x391 Core/Src/main.o
 .debug_macro   0x000000000001e3df      0x176 Core/Src/main.o
 .debug_macro   0x000000000001e555       0xf9 Core/Src/main.o
 .debug_macro   0x000000000001e64e      0x12c Core/Src/main.o
 .debug_macro   0x000000000001e77a      0x21e Core/Src/main.o
 .debug_macro   0x000000000001e998       0x2e Core/Src/main.o
 .debug_macro   0x000000000001e9c6      0x11a Core/Src/main.o
 .debug_macro   0x000000000001eae0       0x7e Core/Src/main.o
 .debug_macro   0x000000000001eb5e       0x89 Core/Src/main.o
 .debug_macro   0x000000000001ebe7      0x225 Core/Src/main.o
 .debug_macro   0x000000000001ee0c      0x8a0 Core/Src/main.o
 .debug_macro   0x000000000001f6ac       0x47 Core/Src/main.o
 .debug_macro   0x000000000001f6f3      0x12d Core/Src/main.o
 .debug_macro   0x000000000001f820       0xa0 Core/Src/main.o
 .debug_macro   0x000000000001f8c0      0x22c Core/Src/main.o
 .debug_macro   0x000000000001faec       0x18 Core/Src/main.o
 .debug_macro   0x000000000001fb04       0x46 Core/Src/main.o
 .debug_macro   0x000000000001fb4a       0x3c Core/Src/main.o
 .debug_macro   0x000000000001fb86       0x34 Core/Src/main.o
 .debug_macro   0x000000000001fbba       0x16 Core/Src/main.o
 .debug_macro   0x000000000001fbd0       0x35 Core/Src/main.o
 .debug_macro   0x000000000001fc05       0x52 Core/Src/main.o
 .debug_macro   0x000000000001fc57       0x1f Core/Src/main.o
 .debug_macro   0x000000000001fc76       0x43 Core/Src/main.o
 .debug_macro   0x000000000001fcb9       0x20 Core/Src/main.o
 .debug_macro   0x000000000001fcd9      0x1a3 Core/Src/main.o
 .debug_macro   0x000000000001fe7c      0x32a Core/Src/main.o
 .debug_macro   0x00000000000201a6       0x16 Core/Src/main.o
 .debug_macro   0x00000000000201bc       0x29 Core/Src/main.o
 .debug_macro   0x00000000000201e5       0x22 Core/Src/main.o
 .debug_macro   0x0000000000020207       0x1c Core/Src/main.o
 .debug_macro   0x0000000000020223       0x10 Core/Src/main.o
 .debug_macro   0x0000000000020233       0x10 Core/Src/main.o
 .debug_macro   0x0000000000020243       0x1c Core/Src/main.o
 .debug_macro   0x000000000002025f       0x52 Core/Src/main.o
 .debug_macro   0x00000000000202b1       0x40 Core/Src/main.o
 .debug_macro   0x00000000000202f1       0x10 Core/Src/main.o
 .debug_macro   0x0000000000020301       0x40 Core/Src/main.o
 .debug_macro   0x0000000000020341       0xd7 Core/Src/main.o
 .debug_macro   0x0000000000020418       0x1c Core/Src/main.o
 .debug_macro   0x0000000000020434       0x3d Core/Src/main.o
 .debug_macro   0x0000000000020471       0x16 Core/Src/main.o
 .debug_macro   0x0000000000020487      0x145 Core/Src/main.o
 .debug_macro   0x00000000000205cc       0x16 Core/Src/main.o
 .debug_macro   0x00000000000205e2       0x20 Core/Src/main.o
 .debug_macro   0x0000000000020602      0x1f6 Core/Src/stm32f4xx_hal_msp.o
 .debug_macro   0x00000000000207f8      0x200 Core/Src/stm32f4xx_it.o
 .debug_macro   0x00000000000209f8      0x1ed Core/Src/system_stm32f4xx.o
 .debug_macro   0x0000000000020be5      0x3c9 Core/Src/omnicar_src/MY_NRF24.o
 .debug_macro   0x0000000000020fae      0x2bc Core/Src/omnicar_src/battery.o
 .debug_macro   0x000000000002126a      0x1f1 Core/Src/omnicar_src/motors.o
 .debug_macro   0x000000000002145b      0x209 Core/Src/omnicar_src/sensors.o
 .debug_macro   0x0000000000021664      0x247 Drivers/STM32F4xx_HAL_Driver/Src/stm32f4xx_hal.o
 .debug_macro   0x00000000000218ab      0x1e8 Drivers/STM32F4xx_HAL_Driver/Src/stm32f4xx_hal_adc.o
 .debug_macro   0x0000000000021a93      0x1e7 Drivers/STM32F4xx_HAL_Driver/Src/stm32f4xx_hal_cortex.o
 .debug_macro   0x0000000000021c7a      0x21d Drivers/STM32F4xx_HAL_Driver/Src/stm32f4xx_hal_gpio.o
 .debug_macro   0x0000000000021e97      0x20b Drivers/STM32F4xx_HAL_Driver/Src/stm32f4xx_hal_rcc.o
 .debug_macro   0x00000000000220a2      0x1f6 Drivers/STM32F4xx_HAL_Driver/Src/stm32f4xx_hal_spi.o
 .debug_macro   0x0000000000022298      0x1e8 Drivers/STM32F4xx_HAL_Driver/Src/stm32f4xx_hal_tim.o
 .debug_macro   0x0000000000022480      0x1e7 Drivers/STM32F4xx_HAL_Driver/Src/stm32f4xx_hal_tim_ex.o

.debug_line     0x0000000000000000     0xb054
 .debug_line    0x0000000000000000      0xb25 Core/Src/main.o
 .debug_line    0x0000000000000b25      0x7e8 Core/Src/stm32f4xx_hal_msp.o
 .debug_line    0x000000000000130d      0x7b9 Core/Src/stm32f4xx_it.o
 .debug_line    0x0000000000001ac6      0x70c Core/Src/system_stm32f4xx.o
 .debug_line    0x00000000000021d2      0xe34 Core/Src/omnicar_src/MY_NRF24.o
 .debug_line    0x0000000000003006      0x858 Core/Src/omnicar_src/battery.o
 .debug_line    0x000000000000385e      0x7b6 Core/Src/omnicar_src/motors.o
 .debug_line    0x0000000000004014      0x800 Core/Src/omnicar_src/sensors.o
 .debug_line    0x0000000000004814       0x85 Core/Startup/startup_stm32f417vgtx.o
 .debug_line    0x0000000000004899      0x8f6 Drivers/STM32F4xx_HAL_Driver/Src/stm32f4xx_hal.o
 .debug_line    0x000000000000518f      0xb5b Drivers/STM32F4xx_HAL_Driver/Src/stm32f4xx_hal_adc.o
 .debug_line    0x0000000000005cea      0xa1a Drivers/STM32F4xx_HAL_Driver/Src/stm32f4xx_hal_cortex.o
 .debug_line    0x0000000000006704      0x8d5 Drivers/STM32F4xx_HAL_Driver/Src/stm32f4xx_hal_gpio.o
 .debug_line    0x0000000000006fd9      0x94e Drivers/STM32F4xx_HAL_Driver/Src/stm32f4xx_hal_rcc.o
 .debug_line    0x0000000000007927     0x10b2 Drivers/STM32F4xx_HAL_Driver/Src/stm32f4xx_hal_spi.o
 .debug_line    0x00000000000089d9     0x196f Drivers/STM32F4xx_HAL_Driver/Src/stm32f4xx_hal_tim.o
 .debug_line    0x000000000000a348      0xd0c Drivers/STM32F4xx_HAL_Driver/Src/stm32f4xx_hal_tim_ex.o

.debug_str      0x0000000000000000    0xd0da5
 .debug_str     0x0000000000000000    0xcd6ee Core/Src/main.o
                                      0xcdb38 (size before relaxing)
 .debug_str     0x00000000000cd6ee      0x5ad Core/Src/stm32f4xx_hal_msp.o
                                      0xc93c6 (size before relaxing)
 .debug_str     0x00000000000cdc9b       0xea Core/Src/stm32f4xx_it.o
                                      0xc8a0f (size before relaxing)
 .debug_str     0x00000000000cdd85       0xc4 Core/Src/system_stm32f4xx.o
                                      0xc8484 (size before relaxing)
 .debug_str     0x00000000000cde49      0x714 Core/Src/omnicar_src/MY_NRF24.o
                                      0xcd70e (size before relaxing)
 .debug_str     0x00000000000ce55d       0x66 Core/Src/omnicar_src/battery.o
                                      0xcb735 (size before relaxing)
 .debug_str     0x00000000000ce5c3       0xe3 Core/Src/omnicar_src/motors.o
                                      0xc884e (size before relaxing)
 .debug_str     0x00000000000ce6a6       0xe5 Core/Src/omnicar_src/sensors.o
                                      0xc8ae0 (size before relaxing)
 .debug_str     0x00000000000ce78b       0x36 Core/Startup/startup_stm32f417vgtx.o
                                         0x6d (size before relaxing)
 .debug_str     0x00000000000ce7c1      0x58d Drivers/STM32F4xx_HAL_Driver/Src/stm32f4xx_hal.o
                                      0xc8f60 (size before relaxing)
 .debug_str     0x00000000000ced4e      0x29d Drivers/STM32F4xx_HAL_Driver/Src/stm32f4xx_hal_adc.o
                                      0xc8a1b (size before relaxing)
 .debug_str     0x00000000000cefeb      0x392 Drivers/STM32F4xx_HAL_Driver/Src/stm32f4xx_hal_cortex.o
                                      0xc8d4f (size before relaxing)
 .debug_str     0x00000000000cf37d      0x207 Drivers/STM32F4xx_HAL_Driver/Src/stm32f4xx_hal_gpio.o
                                      0xc86c3 (size before relaxing)
 .debug_str     0x00000000000cf584      0x24e Drivers/STM32F4xx_HAL_Driver/Src/stm32f4xx_hal_rcc.o
                                      0xc8871 (size before relaxing)
 .debug_str     0x00000000000cf7d2      0x55a Drivers/STM32F4xx_HAL_Driver/Src/stm32f4xx_hal_spi.o
                                      0xc8cf2 (size before relaxing)
 .debug_str     0x00000000000cfd2c      0xc6b Drivers/STM32F4xx_HAL_Driver/Src/stm32f4xx_hal_tim.o
                                      0xc9590 (size before relaxing)
 .debug_str     0x00000000000d0997      0x40e Drivers/STM32F4xx_HAL_Driver/Src/stm32f4xx_hal_tim_ex.o
                                      0xc8d90 (size before relaxing)

.comment        0x0000000000000000       0x7b
 .comment       0x0000000000000000       0x7b Core/Src/main.o
                                         0x7c (size before relaxing)
 .comment       0x000000000000007b       0x7c Core/Src/stm32f4xx_hal_msp.o
 .comment       0x000000000000007b       0x7c Core/Src/stm32f4xx_it.o
 .comment       0x000000000000007b       0x7c Core/Src/system_stm32f4xx.o
 .comment       0x000000000000007b       0x7c Core/Src/omnicar_src/MY_NRF24.o
 .comment       0x000000000000007b       0x7c Core/Src/omnicar_src/battery.o
 .comment       0x000000000000007b       0x7c Core/Src/omnicar_src/motors.o
 .comment       0x000000000000007b       0x7c Core/Src/omnicar_src/sensors.o
 .comment       0x000000000000007b       0x7c Drivers/STM32F4xx_HAL_Driver/Src/stm32f4xx_hal.o
 .comment       0x000000000000007b       0x7c Drivers/STM32F4xx_HAL_Driver/Src/stm32f4xx_hal_adc.o
 .comment       0x000000000000007b       0x7c Drivers/STM32F4xx_HAL_Driver/Src/stm32f4xx_hal_cortex.o
 .comment       0x000000000000007b       0x7c Drivers/STM32F4xx_HAL_Driver/Src/stm32f4xx_hal_gpio.o
 .comment       0x000000000000007b       0x7c Drivers/STM32F4xx_HAL_Driver/Src/stm32f4xx_hal_rcc.o
 .comment       0x000000000000007b       0x7c Drivers/STM32F4xx_HAL_Driver/Src/stm32f4xx_hal_spi.o
 .comment       0x000000000000007b       0x7c Drivers/STM32F4xx_HAL_Driver/Src/stm32f4xx_hal_tim.o
 .comment       0x000000000000007b       0x7c Drivers/STM32F4xx_HAL_Driver/Src/stm32f4xx_hal_tim_ex.o

.debug_frame    0x0000000000000000     0x3b98
 .debug_frame   0x0000000000000000      0x160 Core/Src/main.o
 .debug_frame   0x0000000000000160      0x134 Core/Src/stm32f4xx_hal_msp.o
 .debug_frame   0x0000000000000294      0x144 Core/Src/stm32f4xx_it.o
 .debug_frame   0x00000000000003d8       0x58 Core/Src/system_stm32f4xx.o
 .debug_frame   0x0000000000000430      0x6f8 Core/Src/omnicar_src/MY_NRF24.o
 .debug_frame   0x0000000000000b28       0x34 Core/Src/omnicar_src/battery.o
 .debug_frame   0x0000000000000b5c       0x84 Core/Src/omnicar_src/motors.o
 .debug_frame   0x0000000000000be0       0xcc Core/Src/omnicar_src/sensors.o
 .debug_frame   0x0000000000000cac      0x374 Drivers/STM32F4xx_HAL_Driver/Src/stm32f4xx_hal.o
 .debug_frame   0x0000000000001020      0x3fc Drivers/STM32F4xx_HAL_Driver/Src/stm32f4xx_hal_adc.o
 .debug_frame   0x000000000000141c      0x498 Drivers/STM32F4xx_HAL_Driver/Src/stm32f4xx_hal_cortex.o
 .debug_frame   0x00000000000018b4      0x14c Drivers/STM32F4xx_HAL_Driver/Src/stm32f4xx_hal_gpio.o
 .debug_frame   0x0000000000001a00      0x1f0 Drivers/STM32F4xx_HAL_Driver/Src/stm32f4xx_hal_rcc.o
 .debug_frame   0x0000000000001bf0      0x824 Drivers/STM32F4xx_HAL_Driver/Src/stm32f4xx_hal_spi.o
 .debug_frame   0x0000000000002414     0x10f0 Drivers/STM32F4xx_HAL_Driver/Src/stm32f4xx_hal_tim.o
 .debug_frame   0x0000000000003504      0x5c0 Drivers/STM32F4xx_HAL_Driver/Src/stm32f4xx_hal_tim_ex.o
 .debug_frame   0x0000000000003ac4       0x2c c:/st/stm32cubeide_1.4.0/stm32cubeide/plugins/com.st.stm32cube.ide.mcu.externaltools.gnu-tools-for-stm32.7-2018-q2-update.win32_1.4.0.202007081208/tools/bin/../lib/gcc/arm-none-eabi/7.3.1/../../../../arm-none-eabi/lib/thumb/v7e-m/fpv4-sp/hard\libc_nano.a(lib_a-init.o)
 .debug_frame   0x0000000000003af0       0x28 c:/st/stm32cubeide_1.4.0/stm32cubeide/plugins/com.st.stm32cube.ide.mcu.externaltools.gnu-tools-for-stm32.7-2018-q2-update.win32_1.4.0.202007081208/tools/bin/../lib/gcc/arm-none-eabi/7.3.1/../../../../arm-none-eabi/lib/thumb/v7e-m/fpv4-sp/hard\libc_nano.a(lib_a-memcpy-stub.o)
 .debug_frame   0x0000000000003b18       0x20 c:/st/stm32cubeide_1.4.0/stm32cubeide/plugins/com.st.stm32cube.ide.mcu.externaltools.gnu-tools-for-stm32.7-2018-q2-update.win32_1.4.0.202007081208/tools/bin/../lib/gcc/arm-none-eabi/7.3.1/../../../../arm-none-eabi/lib/thumb/v7e-m/fpv4-sp/hard\libc_nano.a(lib_a-memset.o)
 .debug_frame   0x0000000000003b38       0x2c c:/st/stm32cubeide_1.4.0/stm32cubeide/plugins/com.st.stm32cube.ide.mcu.externaltools.gnu-tools-for-stm32.7-2018-q2-update.win32_1.4.0.202007081208/tools/bin/../lib/gcc/arm-none-eabi/7.3.1/thumb/v7e-m/fpv4-sp/hard\libgcc.a(_aeabi_uldivmod.o)
 .debug_frame   0x0000000000003b64       0x34 c:/st/stm32cubeide_1.4.0/stm32cubeide/plugins/com.st.stm32cube.ide.mcu.externaltools.gnu-tools-for-stm32.7-2018-q2-update.win32_1.4.0.202007081208/tools/bin/../lib/gcc/arm-none-eabi/7.3.1/thumb/v7e-m/fpv4-sp/hard\libgcc.a(_udivmoddi4.o)
